Archive member included to satisfy reference by file (symbol)

drivers\hc32f4a0-drivers\libhc32f4a0.a(startup_hc32f4a0.S.obj)
                              (Reset_Handler)
drivers\hc32f4a0-drivers\libhc32f4a0.a(system_hc32f4a0.c.obj)
                              drivers\hc32f4a0-drivers\libhc32f4a0.a(startup_hc32f4a0.S.obj) (SystemInit)
drivers\hc32f4a0-drivers\libhc32f4a0.a(hc32_ll.c.obj)
                              CMakeFiles/hc32f4a0ritb_bootloader.elf.dir/src/main.c.obj (LL_PERIPH_WE)
drivers\hc32f4a0-drivers\libhc32f4a0.a(hc32_ll_clk.c.obj)
                              CMakeFiles/hc32f4a0ritb_bootloader.elf.dir/hardware/src/mysys.c.obj (CLK_XtalStructInit)
drivers\hc32f4a0-drivers\libhc32f4a0.a(hc32_ll_efm.c.obj)
                              CMakeFiles/hc32f4a0ritb_bootloader.elf.dir/hardware/src/mysys.c.obj (EFM_SetWaitCycle)
drivers\hc32f4a0-drivers\libhc32f4a0.a(hc32_ll_fcg.c.obj)
                              CMakeFiles/hc32f4a0ritb_bootloader.elf.dir/hardware/src/mysys.c.obj (FCG_Fcg0PeriphClockCmd)
drivers\hc32f4a0-drivers\libhc32f4a0.a(hc32_ll_fcm.c.obj)
                              CMakeFiles/hc32f4a0ritb_bootloader.elf.dir/hardware/src/mysys.c.obj (FCM_Init)
drivers\hc32f4a0-drivers\libhc32f4a0.a(hc32_ll_gpio.c.obj)
                              CMakeFiles/hc32f4a0ritb_bootloader.elf.dir/hardware/src/mygpio.c.obj (GPIO_Init)
drivers\hc32f4a0-drivers\libhc32f4a0.a(hc32_ll_sram.c.obj)
                              CMakeFiles/hc32f4a0ritb_bootloader.elf.dir/hardware/src/mysys.c.obj (SRAM_SetWaitCycle)
drivers\hc32f4a0-drivers\libhc32f4a0.a(hc32_ll_utility.c.obj)
                              CMakeFiles/hc32f4a0ritb_bootloader.elf.dir/src/main.c.obj (DDL_DelayMS)
d:/software/gcc-arm-none-eabi/bin/../lib/gcc/arm-none-eabi/10.3.1/../../../../arm-none-eabi/lib/thumb/v7e-m+fp/hard\libg_nano.a(lib_a-exit.o)
                              d:/software/gcc-arm-none-eabi/bin/../lib/gcc/arm-none-eabi/10.3.1/../../../../arm-none-eabi/lib/thumb/v7e-m+fp/hard/crt0.o (exit)
d:/software/gcc-arm-none-eabi/bin/../lib/gcc/arm-none-eabi/10.3.1/../../../../arm-none-eabi/lib/thumb/v7e-m+fp/hard\libg_nano.a(lib_a-impure.o)
                              d:/software/gcc-arm-none-eabi/bin/../lib/gcc/arm-none-eabi/10.3.1/../../../../arm-none-eabi/lib/thumb/v7e-m+fp/hard\libg_nano.a(lib_a-exit.o) (_global_impure_ptr)
d:/software/gcc-arm-none-eabi/bin/../lib/gcc/arm-none-eabi/10.3.1/../../../../arm-none-eabi/lib/thumb/v7e-m+fp/hard\libg_nano.a(lib_a-init.o)
                              d:/software/gcc-arm-none-eabi/bin/../lib/gcc/arm-none-eabi/10.3.1/../../../../arm-none-eabi/lib/thumb/v7e-m+fp/hard/crt0.o (__libc_init_array)
d:/software/gcc-arm-none-eabi/bin/../lib/gcc/arm-none-eabi/10.3.1/../../../../arm-none-eabi/lib/thumb/v7e-m+fp/hard\libg_nano.a(lib_a-malloc.o)
                              CMakeFiles/hc32f4a0ritb_bootloader.elf.dir/fatfs/src/ffsystem.c.obj (malloc)
d:/software/gcc-arm-none-eabi/bin/../lib/gcc/arm-none-eabi/10.3.1/../../../../arm-none-eabi/lib/thumb/v7e-m+fp/hard\libg_nano.a(lib_a-memcmp.o)
                              CMakeFiles/hc32f4a0ritb_bootloader.elf.dir/fatfs/src/ff.c.obj (memcmp)
d:/software/gcc-arm-none-eabi/bin/../lib/gcc/arm-none-eabi/10.3.1/../../../../arm-none-eabi/lib/thumb/v7e-m+fp/hard\libg_nano.a(lib_a-memcpy-stub.o)
                              CMakeFiles/hc32f4a0ritb_bootloader.elf.dir/fatfs/src/ff.c.obj (memcpy)
d:/software/gcc-arm-none-eabi/bin/../lib/gcc/arm-none-eabi/10.3.1/../../../../arm-none-eabi/lib/thumb/v7e-m+fp/hard\libg_nano.a(lib_a-memset.o)
                              d:/software/gcc-arm-none-eabi/bin/../lib/gcc/arm-none-eabi/10.3.1/../../../../arm-none-eabi/lib/thumb/v7e-m+fp/hard/crt0.o (memset)
d:/software/gcc-arm-none-eabi/bin/../lib/gcc/arm-none-eabi/10.3.1/../../../../arm-none-eabi/lib/thumb/v7e-m+fp/hard\libg_nano.a(lib_a-nano-freer.o)
                              d:/software/gcc-arm-none-eabi/bin/../lib/gcc/arm-none-eabi/10.3.1/../../../../arm-none-eabi/lib/thumb/v7e-m+fp/hard\libg_nano.a(lib_a-malloc.o) (_free_r)
d:/software/gcc-arm-none-eabi/bin/../lib/gcc/arm-none-eabi/10.3.1/../../../../arm-none-eabi/lib/thumb/v7e-m+fp/hard\libg_nano.a(lib_a-nano-mallocr.o)
                              d:/software/gcc-arm-none-eabi/bin/../lib/gcc/arm-none-eabi/10.3.1/../../../../arm-none-eabi/lib/thumb/v7e-m+fp/hard\libg_nano.a(lib_a-malloc.o) (_malloc_r)
d:/software/gcc-arm-none-eabi/bin/../lib/gcc/arm-none-eabi/10.3.1/../../../../arm-none-eabi/lib/thumb/v7e-m+fp/hard\libg_nano.a(lib_a-nano-vfprintf_float.o)
                              (_printf_float)
d:/software/gcc-arm-none-eabi/bin/../lib/gcc/arm-none-eabi/10.3.1/../../../../arm-none-eabi/lib/thumb/v7e-m+fp/hard\libg_nano.a(lib_a-nano-vfprintf_i.o)
                              d:/software/gcc-arm-none-eabi/bin/../lib/gcc/arm-none-eabi/10.3.1/../../../../arm-none-eabi/lib/thumb/v7e-m+fp/hard\libg_nano.a(lib_a-nano-vfprintf_float.o) (_printf_common)
[...]
Memory Configuration

Name             Origin             Length             Attributes
FLASH            0x00000000         0x00010000         xr
OTP_DATA         0x03000000         0x00001800         xr
OTP_LOCK         0x03001800         0x000002d8         xr
RAM              0x1ffe0000         0x00080000         xrw
RAMB             0x200f0000         0x00001000         xrw
*default*        0x00000000         0xffffffff

Linker script and memory map

LOAD d:/software/gcc-arm-none-eabi/bin/../lib/gcc/arm-none-eabi/10.3.1/thumb/v7e-m+fp/hard/crti.o
LOAD d:/software/gcc-arm-none-eabi/bin/../lib/gcc/arm-none-eabi/10.3.1/thumb/v7e-m+fp/hard/crtbegin.o
LOAD d:/software/gcc-arm-none-eabi/bin/../lib/gcc/arm-none-eabi/10.3.1/../../../../arm-none-eabi/lib/thumb/v7e-m+fp/hard/crt0.o
LOAD CMakeFiles/hc32f4a0ritb_bootloader.elf.dir/fatfs/src/diskio.c.obj
LOAD CMakeFiles/hc32f4a0ritb_bootloader.elf.dir/fatfs/src/ff.c.obj
LOAD CMakeFiles/hc32f4a0ritb_bootloader.elf.dir/fatfs/src/ffsystem.c.obj
LOAD CMakeFiles/hc32f4a0ritb_bootloader.elf.dir/fatfs/src/ffunicode.c.obj
LOAD CMakeFiles/hc32f4a0ritb_bootloader.elf.dir/hardware/src/mygpio.c.obj
LOAD CMakeFiles/hc32f4a0ritb_bootloader.elf.dir/hardware/src/mysys.c.obj
LOAD CMakeFiles/hc32f4a0ritb_bootloader.elf.dir/src/main.c.obj
LOAD drivers\hc32f4a0-drivers\libhc32f4a0.a
START GROUP
LOAD d:/software/gcc-arm-none-eabi/bin/../lib/gcc/arm-none-eabi/10.3.1/thumb/v7e-m+fp/hard\libgcc.a
LOAD d:/software/gcc-arm-none-eabi/bin/../lib/gcc/arm-none-eabi/10.3.1/../../../../arm-none-eabi/lib/thumb/v7e-m+fp/hard\libg_nano.a
LOAD d:/software/gcc-arm-none-eabi/bin/../lib/gcc/arm-none-eabi/10.3.1/../../../../arm-none-eabi/lib/thumb/v7e-m+fp/hard\libc_nano.a
END GROUP
START GROUP
LOAD d:/software/gcc-arm-none-eabi/bin/../lib/gcc/arm-none-eabi/10.3.1/thumb/v7e-m+fp/hard\libgcc.a
LOAD d:/software/gcc-arm-none-eabi/bin/../lib/gcc/arm-none-eabi/10.3.1/../../../../arm-none-eabi/lib/thumb/v7e-m+fp/hard\libc_nano.a
LOAD d:/software/gcc-arm-none-eabi/bin/../lib/gcc/arm-none-eabi/10.3.1/../../../../arm-none-eabi/lib/thumb/v7e-m+fp/hard\libnosys.a
END GROUP
START GROUP
LOAD d:/software/gcc-arm-none-eabi/bin/../lib/gcc/arm-none-eabi/10.3.1/thumb/v7e-m+fp/hard\libgcc.a
LOAD d:/software/gcc-arm-none-eabi/bin/../lib/gcc/arm-none-eabi/10.3.1/../../../../arm-none-eabi/lib/thumb/v7e-m+fp/hard\libc_nano.a
LOAD d:/software/gcc-arm-none-eabi/bin/../lib/gcc/arm-none-eabi/10.3.1/../../../../arm-none-eabi/lib/thumb/v7e-m+fp/hard\libnosys.a
END GROUP
LOAD d:/software/gcc-arm-none-eabi/bin/../lib/gcc/arm-none-eabi/10.3.1/thumb/v7e-m+fp/hard/crtend.o
LOAD d:/software/gcc-arm-none-eabi/bin/../lib/gcc/arm-none-eabi/10.3.1/thumb/v7e-m+fp/hard/crtn.o
                0x03000000                __OTP_DATA_BASE = 0x3000000
                0x03001800                __OTP_LOCK_BASE = 0x3001800
                0x03000000                __OTP_DATA_B16_START = 0x3000000
                0x03001840                __OTP_LOCK_B16_START = 0x3001840
                0x00000000                __OTP_DATA_B16_OFFSET = (__OTP_DATA_B16_START - __OTP_DATA_BASE)
                0x00000040                __OTP_LOCK_B16_OFFSET = (__OTP_LOCK_B16_START - __OTP_LOCK_BASE)
                0x03000800                __OTP_DATA_B17_START = 0x3000800
                0x03001844                __OTP_LOCK_B17_START = 0x3001844
                0x00000800                __OTP_DATA_B17_OFFSET = (__OTP_DATA_B17_START - __OTP_DATA_BASE)
                0x00000044                __OTP_LOCK_B17_OFFSET = (__OTP_LOCK_B17_START - __OTP_LOCK_BASE)

.vectors        0x00000000      0x280
                0x00000000                . = ALIGN (0x4)
 *(.vectors)
 .vectors       0x00000000      0x280 drivers\hc32f4a0-drivers\libhc32f4a0.a(startup_hc32f4a0.S.obj)
                0x00000000                __Vectors
                0x00000280                __Vectors_End
                0x00000280                . = ALIGN (0x4)

.icg_sec
 *(.icg_sec)

.text           0x00000280     0x6b20
                0x00000280                . = ALIGN (0x4)
 *(.text)
 .text          0x00000280       0x40 d:/software/gcc-arm-none-eabi/bin/../lib/gcc/arm-none-eabi/10.3.1/thumb/v7e-m+fp/hard/crtbegin.o
 .text          0x000002c0       0x10 d:/software/gcc-arm-none-eabi/bin/../lib/gcc/arm-none-eabi/10.3.1/../../../../arm-none-eabi/lib/thumb/v7e-m+fp/hard\libg_nano.a(lib_a-strlen.o)
                0x000002c0                strlen
 .text          0x000002d0       0xa0 d:/software/gcc-arm-none-eabi/bin/../lib/gcc/arm-none-eabi/10.3.1/../../../../arm-none-eabi/lib/thumb/v7e-m+fp/hard\libg_nano.a(lib_a-memchr.o)
                0x000002d0                memchr
 .text          0x00000370      0x378 d:/software/gcc-arm-none-eabi/bin/../lib/gcc/arm-none-eabi/10.3.1/thumb/v7e-m+fp/hard\libgcc.a(_arm_addsubdf3.o)
                0x00000370                __aeabi_drsub
                0x00000378                __aeabi_dsub
                0x00000378                __subdf3
                0x0000037c                __aeabi_dadd
                0x0000037c                __adddf3
                0x000005f4                __floatunsidf
                0x000005f4                __aeabi_ui2d
                0x00000614                __floatsidf
                0x00000614                __aeabi_i2d
                0x00000638                __aeabi_f2d
                0x00000638                __extendsfdf2
                0x0000067c                __floatundidf
                0x0000067c                __aeabi_ul2d
                0x0000068c                __floatdidf
                0x0000068c                __aeabi_l2d
 .text          0x000006e8      0x424 d:/software/gcc-arm-none-eabi/bin/../lib/gcc/arm-none-eabi/10.3.1/thumb/v7e-m+fp/hard\libgcc.a(_arm_muldivdf3.o)
                0x000006e8                __aeabi_dmul
                0x000006e8                __muldf3
                0x0000093c                __divdf3
                0x0000093c                __aeabi_ddiv
 .text          0x00000b0c      0x110 d:/software/gcc-arm-none-eabi/bin/../lib/gcc/arm-none-eabi/10.3.1/thumb/v7e-m+fp/hard\libgcc.a(_arm_cmpdf2.o)
                0x00000b0c                __gtdf2
                0x00000b0c                __gedf2
                0x00000b14                __ltdf2
                0x00000b14                __ledf2
                0x00000b1c                __nedf2
                0x00000b1c                __eqdf2
                0x00000b1c                __cmpdf2
                0x00000b98                __aeabi_cdrcmple
                0x00000ba8                __aeabi_cdcmpeq
                0x00000ba8                __aeabi_cdcmple
                0x00000bb8                __aeabi_dcmpeq
                0x00000bcc                __aeabi_dcmplt
                0x00000be0                __aeabi_dcmple
                0x00000bf4                __aeabi_dcmpge
                0x00000c08                __aeabi_dcmpgt
 .text          0x00000c1c       0x2c d:/software/gcc-arm-none-eabi/bin/../lib/gcc/arm-none-eabi/10.3.1/thumb/v7e-m+fp/hard\libgcc.a(_arm_unorddf2.o)
                0x00000c1c                __unorddf2
                0x00000c1c                __aeabi_dcmpun
 .text          0x00000c48       0x50 d:/software/gcc-arm-none-eabi/bin/../lib/gcc/arm-none-eabi/10.3.1/thumb/v7e-m+fp/hard\libgcc.a(_arm_fixdfsi.o)
                0x00000c48                __aeabi_d2iz
                0x00000c48                __fixdfsi
 .text          0x00000c98       0x40 d:/software/gcc-arm-none-eabi/bin/../lib/gcc/arm-none-eabi/10.3.1/thumb/v7e-m+fp/hard\libgcc.a(_arm_fixunsdfsi.o)
                0x00000c98                __aeabi_d2uiz
                0x00000c98                __fixunsdfsi
 .text          0x00000cd8       0xa0 d:/software/gcc-arm-none-eabi/bin/../lib/gcc/arm-none-eabi/10.3.1/thumb/v7e-m+fp/hard\libgcc.a(_arm_truncdfsf2.o)
                0x00000cd8                __truncdfsf2
                0x00000cd8                __aeabi_d2f
 .text          0x00000d78       0x30 d:/software/gcc-arm-none-eabi/bin/../lib/gcc/arm-none-eabi/10.3.1/thumb/v7e-m+fp/hard\libgcc.a(_fixdfdi.o)
                0x00000d78                __fixdfdi
                0x00000d78                __aeabi_d2lz
 .text          0x00000da8       0x3c d:/software/gcc-arm-none-eabi/bin/../lib/gcc/arm-none-eabi/10.3.1/thumb/v7e-m+fp/hard\libgcc.a(_fixunsdfdi.o)
                0x00000da8                __fixunsdfdi
                0x00000da8                __aeabi_d2ulz
 *(.text*)
 .text.init_gpio
                0x00000de4       0x26 CMakeFiles/hc32f4a0ritb_bootloader.elf.dir/hardware/src/mygpio.c.obj
                0x00000de4                init_gpio
 *fill*         0x00000e0a        0x2 
 .text.BSP_CLK_Init
                0x00000e0c       0xc8 CMakeFiles/hc32f4a0ritb_bootloader.elf.dir/hardware/src/mysys.c.obj
                0x00000e0c                BSP_CLK_Init
 .text.BSP_XTAL32_Init
                0x00000ed4      0x100 CMakeFiles/hc32f4a0ritb_bootloader.elf.dir/hardware/src/mysys.c.obj
                0x00000ed4                BSP_XTAL32_Init
 .text.main     0x00000fd4       0x2c CMakeFiles/hc32f4a0ritb_bootloader.elf.dir/src/main.c.obj
                0x00000fd4                main
 .text.Reset_Handler
                0x00001000       0x8c drivers\hc32f4a0-drivers\libhc32f4a0.a(startup_hc32f4a0.S.obj)
                0x00001000                Reset_Handler
 .text.Default_Handler
                0x0000108c        0x4 drivers\hc32f4a0-drivers\libhc32f4a0.a(startup_hc32f4a0.S.obj)
                0x0000108c                IRQ132_Handler
                0x0000108c                DebugMon_Handler
                0x0000108c                IRQ113_Handler
                0x0000108c                IRQ031_Handler
                0x0000108c                IRQ099_Handler
                0x0000108c                HardFault_Handler
                0x0000108c                IRQ095_Handler
                0x0000108c                IRQ058_Handler
                0x0000108c                IRQ065_Handler
                0x0000108c                IRQ108_Handler
                0x0000108c                SysTick_Handler
                0x0000108c                IRQ139_Handler
                0x0000108c                IRQ138_Handler
                0x0000108c                IRQ012_Handler
                0x0000108c                IRQ093_Handler
                0x0000108c                IRQ056_Handler
                0x0000108c                IRQ019_Handler
                0x0000108c                PendSV_Handler
                0x0000108c                NMI_Handler
                0x0000108c                IRQ116_Handler
                0x0000108c                IRQ011_Handler
                0x0000108c                IRQ115_Handler
                0x0000108c                IRQ051_Handler
                0x0000108c                IRQ014_Handler
                0x0000108c                IRQ062_Handler
                0x0000108c                IRQ027_Handler
                0x0000108c                IRQ117_Handler
                0x0000108c                IRQ097_Handler
                0x0000108c                IRQ088_Handler
                0x0000108c                IRQ071_Handler
                0x0000108c                IRQ034_Handler
                0x0000108c                IRQ067_Handler
                0x0000108c                IRQ070_Handler
                0x0000108c                IRQ033_Handler
                0x0000108c                IRQ077_Handler
                0x0000108c                IRQ063_Handler
                0x0000108c                IRQ028_Handler
                0x0000108c                IRQ076_Handler
                0x0000108c                IRQ039_Handler
                0x0000108c                UsageFault_Handler
                0x0000108c                IRQ133_Handler
                0x0000108c                IRQ023_Handler
                0x0000108c                IRQ126_Handler
                0x0000108c                IRQ083_Handler
                0x0000108c                IRQ048_Handler
                0x0000108c                IRQ009_Handler
                0x0000108c                IRQ122_Handler
                0x0000108c                IRQ089_Handler
                0x0000108c                IRQ121_Handler
                0x0000108c                IRQ074_Handler
                0x0000108c                IRQ037_Handler
                0x0000108c                IRQ072_Handler
                0x0000108c                IRQ035_Handler
                0x0000108c                IRQ130_Handler
                0x0000108c                IRQ111_Handler
                0x0000108c                IRQ134_Handler
                0x0000108c                IRQ129_Handler
                0x0000108c                IRQ142_Handler
                0x0000108c                IRQ105_Handler
                0x0000108c                IRQ140_Handler
                0x0000108c                IRQ103_Handler
                0x0000108c                IRQ021_Handler
                0x0000108c                IRQ082_Handler
                0x0000108c                IRQ047_Handler
                0x0000108c                IRQ008_Handler
                0x0000108c                IRQ022_Handler
                0x0000108c                IRQ081_Handler
                0x0000108c                IRQ046_Handler
                0x0000108c                IRQ007_Handler
                0x0000108c                IRQ043_Handler
                0x0000108c                IRQ004_Handler
                0x0000108c                IRQ041_Handler
                0x0000108c                IRQ002_Handler
                0x0000108c                IRQ098_Handler
                0x0000108c                IRQ000_Handler
                0x0000108c                IRQ118_Handler
                0x0000108c                IRQ044_Handler
                0x0000108c                IRQ005_Handler
                0x0000108c                IRQ084_Handler
                0x0000108c                IRQ049_Handler
                0x0000108c                IRQ080_Handler
                0x0000108c                IRQ045_Handler
                0x0000108c                IRQ006_Handler
                0x0000108c                IRQ125_Handler
                0x0000108c                IRQ102_Handler
                0x0000108c                IRQ107_Handler
                0x0000108c                IRQ112_Handler
                0x0000108c                IRQ052_Handler
                0x0000108c                IRQ015_Handler
                0x0000108c                MemManage_Handler
                0x0000108c                IRQ143_Handler
                0x0000108c                IRQ106_Handler
                0x0000108c                SVC_Handler
                0x0000108c                IRQ128_Handler
                0x0000108c                IRQ124_Handler
                0x0000108c                IRQ136_Handler
                0x0000108c                IRQ040_Handler
                0x0000108c                IRQ001_Handler
                0x0000108c                IRQ123_Handler
                0x0000108c                IRQ010_Handler
                0x0000108c                IRQ068_Handler
                0x0000108c                IRQ096_Handler
                0x0000108c                IRQ059_Handler
                0x0000108c                IRQ131_Handler
                0x0000108c                IRQ042_Handler
                0x0000108c                IRQ003_Handler
                0x0000108c                IRQ024_Handler
                0x0000108c                IRQ141_Handler
                0x0000108c                IRQ104_Handler
                0x0000108c                IRQ101_Handler
                0x0000108c                IRQ090_Handler
                0x0000108c                IRQ053_Handler
                0x0000108c                IRQ016_Handler
                0x0000108c                IRQ078_Handler
                0x0000108c                IRQ032_Handler
                0x0000108c                IRQ020_Handler
                0x0000108c                IRQ073_Handler
                0x0000108c                IRQ036_Handler
                0x0000108c                IRQ092_Handler
                0x0000108c                IRQ055_Handler
                0x0000108c                IRQ018_Handler
                0x0000108c                IRQ087_Handler
                0x0000108c                IRQ109_Handler
                0x0000108c                IRQ061_Handler
                0x0000108c                IRQ026_Handler
                0x0000108c                IRQ060_Handler
                0x0000108c                IRQ025_Handler
                0x0000108c                IRQ085_Handler
                0x0000108c                IRQ119_Handler
                0x0000108c                IRQ137_Handler
                0x0000108c                IRQ110_Handler
                0x0000108c                IRQ050_Handler
                0x0000108c                IRQ013_Handler
                0x0000108c                IRQ030_Handler
                0x0000108c                IRQ064_Handler
                0x0000108c                IRQ029_Handler
                0x0000108c                IRQ127_Handler
                0x0000108c                IRQ066_Handler
                0x0000108c                IRQ091_Handler
                0x0000108c                IRQ054_Handler
                0x0000108c                IRQ017_Handler
                0x0000108c                BusFault_Handler
                0x0000108c                IRQ075_Handler
                0x0000108c                IRQ069_Handler
                0x0000108c                IRQ038_Handler
                0x0000108c                IRQ114_Handler
                0x0000108c                IRQ086_Handler
                0x0000108c                IRQ094_Handler
                0x0000108c                IRQ057_Handler
                0x0000108c                IRQ135_Handler
                0x0000108c                IRQ100_Handler
                0x0000108c                IRQ120_Handler
                0x0000108c                IRQ079_Handler
 .text.SystemCoreClockUpdate
                0x00001090       0xc0 drivers\hc32f4a0-drivers\libhc32f4a0.a(system_hc32f4a0.c.obj)
                0x00001090                SystemCoreClockUpdate
 .text.SystemInit
                0x00001150       0x20 drivers\hc32f4a0-drivers\libhc32f4a0.a(system_hc32f4a0.c.obj)
                0x00001150                SystemInit
 .text.LL_PERIPH_WE
                0x00001170       0xa0 drivers\hc32f4a0-drivers\libhc32f4a0.a(hc32_ll.c.obj)
                0x00001170                LL_PERIPH_WE
 .text.LL_PERIPH_WP
                0x00001210       0xa4 drivers\hc32f4a0-drivers\libhc32f4a0.a(hc32_ll.c.obj)
                0x00001210                LL_PERIPH_WP
 .text.SetSysClockSrc
                0x000012b4       0xc4 drivers\hc32f4a0-drivers\libhc32f4a0.a(hc32_ll_clk.c.obj)
 .text.SetSysClockDiv
                0x00001378      0x23c drivers\hc32f4a0-drivers\libhc32f4a0.a(hc32_ll_clk.c.obj)
 .text.CLK_XtalStructInit
                0x000015b4       0x1a drivers\hc32f4a0-drivers\libhc32f4a0.a(hc32_ll_clk.c.obj)
                0x000015b4                CLK_XtalStructInit
 .text.CLK_Xtal32StructInit
                0x000015ce       0x14 drivers\hc32f4a0-drivers\libhc32f4a0.a(hc32_ll_clk.c.obj)
                0x000015ce                CLK_Xtal32StructInit
 *fill*         0x000015e2        0x2 
 .text.CLK_Xtal32Cmd
                0x000015e4       0x6c drivers\hc32f4a0-drivers\libhc32f4a0.a(hc32_ll_clk.c.obj)
                0x000015e4                CLK_Xtal32Cmd
 .text.CLK_Xtal32Init
                0x00001650       0x8c drivers\hc32f4a0-drivers\libhc32f4a0.a(hc32_ll_clk.c.obj)
                0x00001650                CLK_Xtal32Init
 .text.CLK_PLLStructInit
                0x000016dc       0x30 drivers\hc32f4a0-drivers\libhc32f4a0.a(hc32_ll_clk.c.obj)
                0x000016dc                CLK_PLLStructInit
 .text.CLK_GetStableStatus
                0x0000170c       0x30 drivers\hc32f4a0-drivers\libhc32f4a0.a(hc32_ll_clk.c.obj)
                0x0000170c                CLK_GetStableStatus
 .text.CLK_WaitStable
                0x0000173c       0x30 drivers\hc32f4a0-drivers\libhc32f4a0.a(hc32_ll_clk.c.obj)
 .text.CLK_XtalCmd
                0x0000176c       0x94 drivers\hc32f4a0-drivers\libhc32f4a0.a(hc32_ll_clk.c.obj)
                0x0000176c                CLK_XtalCmd
 .text.CLK_XtalInit
                0x00001800       0xb8 drivers\hc32f4a0-drivers\libhc32f4a0.a(hc32_ll_clk.c.obj)
                0x00001800                CLK_XtalInit
 .text.CLK_PLLCmd
                0x000018b8       0x94 drivers\hc32f4a0-drivers\libhc32f4a0.a(hc32_ll_clk.c.obj)
                0x000018b8                CLK_PLLCmd
 .text.CLK_PLLInit
                0x0000194c      0x1b8 drivers\hc32f4a0-drivers\libhc32f4a0.a(hc32_ll_clk.c.obj)
                0x0000194c                CLK_PLLInit
 .text.CLK_SetSysClockSrc
                0x00001b04        0xc drivers\hc32f4a0-drivers\libhc32f4a0.a(hc32_ll_clk.c.obj)
                0x00001b04                CLK_SetSysClockSrc
 .text.CLK_SetClockDiv
                0x00001b10        0xc drivers\hc32f4a0-drivers\libhc32f4a0.a(hc32_ll_clk.c.obj)
                0x00001b10                CLK_SetClockDiv
 .text.EFM_SetWaitCycle
                0x00001b1c       0x84 drivers\hc32f4a0-drivers\libhc32f4a0.a(hc32_ll_efm.c.obj)
                0x00001b1c                EFM_SetWaitCycle
 .text.EFM_CacheRamReset
                0x00001ba0       0x3c drivers\hc32f4a0-drivers\libhc32f4a0.a(hc32_ll_efm.c.obj)
                0x00001ba0                EFM_CacheRamReset
 .text.EFM_PrefetchCmd
                0x00001bdc       0x3c drivers\hc32f4a0-drivers\libhc32f4a0.a(hc32_ll_efm.c.obj)
                0x00001bdc                EFM_PrefetchCmd
 .text.EFM_DCacheCmd
                0x00001c18       0x3c drivers\hc32f4a0-drivers\libhc32f4a0.a(hc32_ll_efm.c.obj)
                0x00001c18                EFM_DCacheCmd
 .text.EFM_ICacheCmd
                0x00001c54       0x3c drivers\hc32f4a0-drivers\libhc32f4a0.a(hc32_ll_efm.c.obj)
                0x00001c54                EFM_ICacheCmd
 .text.FCG_Fcg0PeriphClockCmd
                0x00001c90       0x60 drivers\hc32f4a0-drivers\libhc32f4a0.a(hc32_ll_fcg.c.obj)
                0x00001c90                FCG_Fcg0PeriphClockCmd
 .text.FCM_Init
                0x00001cf0      0x148 drivers\hc32f4a0-drivers\libhc32f4a0.a(hc32_ll_fcm.c.obj)
                0x00001cf0                FCM_Init
 .text.FCM_StructInit
                0x00001e38       0x24 drivers\hc32f4a0-drivers\libhc32f4a0.a(hc32_ll_fcm.c.obj)
                0x00001e38                FCM_StructInit
 .text.FCM_DeInit
                0x00001e5c       0x30 drivers\hc32f4a0-drivers\libhc32f4a0.a(hc32_ll_fcm.c.obj)
                0x00001e5c                FCM_DeInit
 .text.FCM_GetStatus
                0x00001e8c       0x3c drivers\hc32f4a0-drivers\libhc32f4a0.a(hc32_ll_fcm.c.obj)
                0x00001e8c                FCM_GetStatus
 .text.FCM_ClearStatus
                0x00001ec8       0x34 drivers\hc32f4a0-drivers\libhc32f4a0.a(hc32_ll_fcm.c.obj)
                0x00001ec8                FCM_ClearStatus
 .text.FCM_Cmd  0x00001efc       0x38 drivers\hc32f4a0-drivers\libhc32f4a0.a(hc32_ll_fcm.c.obj)
                0x00001efc                FCM_Cmd
 .text.GPIO_Init
                0x00001f34      0x1ac drivers\hc32f4a0-drivers\libhc32f4a0.a(hc32_ll_gpio.c.obj)
                0x00001f34                GPIO_Init
 .text.GPIO_StructInit
                0x000020e0       0x22 drivers\hc32f4a0-drivers\libhc32f4a0.a(hc32_ll_gpio.c.obj)
                0x000020e0                GPIO_StructInit
 *fill*         0x00002102        0x2 
 .text.GPIO_SetReadWaitCycle
                0x00002104       0x78 drivers\hc32f4a0-drivers\libhc32f4a0.a(hc32_ll_gpio.c.obj)
                0x00002104                GPIO_SetReadWaitCycle
 .text.GPIO_TogglePins
                0x0000217c       0x3c drivers\hc32f4a0-drivers\libhc32f4a0.a(hc32_ll_gpio.c.obj)
                0x0000217c                GPIO_TogglePins
 .text.GPIO_AnalogCmd
                0x000021b8       0x88 drivers\hc32f4a0-drivers\libhc32f4a0.a(hc32_ll_gpio.c.obj)
                0x000021b8                GPIO_AnalogCmd
 .text.SRAM_SetWaitCycle
                0x00002240       0x98 drivers\hc32f4a0-drivers\libhc32f4a0.a(hc32_ll_sram.c.obj)
                0x00002240                SRAM_SetWaitCycle
 .text.DDL_DelayMS
                0x000022d8       0x68 drivers\hc32f4a0-drivers\libhc32f4a0.a(hc32_ll_utility.c.obj)
                0x000022d8                DDL_DelayMS
 .text.DDL_DelayUS
                0x00002340       0x68 drivers\hc32f4a0-drivers\libhc32f4a0.a(hc32_ll_utility.c.obj)
                0x00002340                DDL_DelayUS
 .text.DDL_AssertHandler
                0x000023a8        0x2 drivers\hc32f4a0-drivers\libhc32f4a0.a(hc32_ll_utility.c.obj)
                0x000023a8                DDL_AssertHandler
 *fill*         0x000023aa        0x2 
 .text.__libc_init_array
                0x000023ac       0x48 d:/software/gcc-arm-none-eabi/bin/../lib/gcc/arm-none-eabi/10.3.1/../../../../arm-none-eabi/lib/thumb/v7e-m+fp/hard\libg_nano.a(lib_a-init.o)
                0x000023ac                __libc_init_array
 .text.malloc   0x000023f4       0x10 d:/software/gcc-arm-none-eabi/bin/../lib/gcc/arm-none-eabi/10.3.1/../../../../arm-none-eabi/lib/thumb/v7e-m+fp/hard\libg_nano.a(lib_a-malloc.o)
                0x000023f4                malloc
 .text.memcpy   0x00002404       0x1c d:/software/gcc-arm-none-eabi/bin/../lib/gcc/arm-none-eabi/10.3.1/../../../../arm-none-eabi/lib/thumb/v7e-m+fp/hard\libg_nano.a(lib_a-memcpy-stub.o)
                0x00002404                memcpy
 .text.memset   0x00002420       0x10 d:/software/gcc-arm-none-eabi/bin/../lib/gcc/arm-none-eabi/10.3.1/../../../../arm-none-eabi/lib/thumb/v7e-m+fp/hard\libg_nano.a(lib_a-memset.o)
                0x00002420                memset
 .text._free_r  0x00002430       0x98 d:/software/gcc-arm-none-eabi/bin/../lib/gcc/arm-none-eabi/10.3.1/../../../../arm-none-eabi/lib/thumb/v7e-m+fp/hard\libg_nano.a(lib_a-nano-freer.o)
                0x00002430                _free_r
 .text.sbrk_aligned
                0x000024c8       0x40 d:/software/gcc-arm-none-eabi/bin/../lib/gcc/arm-none-eabi/10.3.1/../../../../arm-none-eabi/lib/thumb/v7e-m+fp/hard\libg_nano.a(lib_a-nano-mallocr.o)
 .text._malloc_r
                0x00002508       0xe8 d:/software/gcc-arm-none-eabi/bin/../lib/gcc/arm-none-eabi/10.3.1/../../../../arm-none-eabi/lib/thumb/v7e-m+fp/hard\libg_nano.a(lib_a-nano-mallocr.o)
                0x00002508                _malloc_r
 .text.__cvt    0x000025f0       0xc4 d:/software/gcc-arm-none-eabi/bin/../lib/gcc/arm-none-eabi/10.3.1/../../../../arm-none-eabi/lib/thumb/v7e-m+fp/hard\libg_nano.a(lib_a-nano-vfprintf_float.o)
                0x000025f0                __cvt
 .text.__exponent
                0x000026b4       0x7c d:/software/gcc-arm-none-eabi/bin/../lib/gcc/arm-none-eabi/10.3.1/../../../../arm-none-eabi/lib/thumb/v7e-m+fp/hard\libg_nano.a(lib_a-nano-vfprintf_float.o)
                0x000026b4                __exponent
 .text._printf_float
                0x00002730      0x46c d:/software/gcc-arm-none-eabi/bin/../lib/gcc/arm-none-eabi/10.3.1/../../../../arm-none-eabi/lib/thumb/v7e-m+fp/hard\libg_nano.a(lib_a-nano-vfprintf_float.o)
                0x00002730                _printf_float
 .text._printf_common
                0x00002b9c       0xda d:/software/gcc-arm-none-eabi/bin/../lib/gcc/arm-none-eabi/10.3.1/../../../../arm-none-eabi/lib/thumb/v7e-m+fp/hard\libg_nano.a(lib_a-nano-vfprintf_i.o)
                0x00002b9c                _printf_common
 *fill*         0x00002c76        0x2 
 .text._printf_i
                0x00002c78      0x24c d:/software/gcc-arm-none-eabi/bin/../lib/gcc/arm-none-eabi/10.3.1/../../../../arm-none-eabi/lib/thumb/v7e-m+fp/hard\libg_nano.a(lib_a-nano-vfprintf_i.o)
                0x00002c78                _printf_i
 .text._scanf_float
                0x00002ec4      0x420 d:/software/gcc-arm-none-eabi/bin/../lib/gcc/arm-none-eabi/10.3.1/../../../../arm-none-eabi/lib/thumb/v7e-m+fp/hard\libg_nano.a(lib_a-nano-vfscanf_float.o)
                0x00002ec4                _scanf_float
 .text._sbrk_r  0x000032e4       0x20 d:/software/gcc-arm-none-eabi/bin/../lib/gcc/arm-none-eabi/10.3.1/../../../../arm-none-eabi/lib/thumb/v7e-m+fp/hard\libg_nano.a(lib_a-sbrkr.o)
                0x000032e4                _sbrk_r
 .text.nanf     0x00003304        0xc d:/software/gcc-arm-none-eabi/bin/../lib/gcc/arm-none-eabi/10.3.1/../../../../arm-none-eabi/lib/thumb/v7e-m+fp/hard\libg_nano.a(lib_a-sf_nan.o)
                0x00003304                nanf
 .text.sprintf  0x00003310       0x40 d:/software/gcc-arm-none-eabi/bin/../lib/gcc/arm-none-eabi/10.3.1/../../../../arm-none-eabi/lib/thumb/v7e-m+fp/hard\libg_nano.a(lib_a-sprintf.o)
                0x00003310                siprintf
                0x00003310                sprintf
 .text.sulp     0x00003350       0x38 d:/software/gcc-arm-none-eabi/bin/../lib/gcc/arm-none-eabi/10.3.1/../../../../arm-none-eabi/lib/thumb/v7e-m+fp/hard\libg_nano.a(lib_a-strtod.o)
 .text._strtod_l
                0x00003388      0xc0c d:/software/gcc-arm-none-eabi/bin/../lib/gcc/arm-none-eabi/10.3.1/../../../../arm-none-eabi/lib/thumb/v7e-m+fp/hard\libg_nano.a(lib_a-strtod.o)
                0x00003388                _strtod_l
 .text._strtod_r
                0x00003f94        0xc d:/software/gcc-arm-none-eabi/bin/../lib/gcc/arm-none-eabi/10.3.1/../../../../arm-none-eabi/lib/thumb/v7e-m+fp/hard\libg_nano.a(lib_a-strtod.o)
                0x00003f94                _strtod_r
 .text._strtol_l.constprop.0
                0x00003fa0      0x104 d:/software/gcc-arm-none-eabi/bin/../lib/gcc/arm-none-eabi/10.3.1/../../../../arm-none-eabi/lib/thumb/v7e-m+fp/hard\libg_nano.a(lib_a-strtol.o)
 .text._strtol_r
                0x000040a4        0x4 d:/software/gcc-arm-none-eabi/bin/../lib/gcc/arm-none-eabi/10.3.1/../../../../arm-none-eabi/lib/thumb/v7e-m+fp/hard\libg_nano.a(lib_a-strtol.o)
                0x000040a4                _strtol_r
 .text.quorem   0x000040a8      0x116 d:/software/gcc-arm-none-eabi/bin/../lib/gcc/arm-none-eabi/10.3.1/../../../../arm-none-eabi/lib/thumb/v7e-m+fp/hard\libg_nano.a(lib_a-dtoa.o)
 *fill*         0x000041be        0x2 
 .text._dtoa_r  0x000041c0      0xbdc d:/software/gcc-arm-none-eabi/bin/../lib/gcc/arm-none-eabi/10.3.1/../../../../arm-none-eabi/lib/thumb/v7e-m+fp/hard\libg_nano.a(lib_a-dtoa.o)
                0x000041c0                _dtoa_r
 .text.__errno  0x00004d9c        0xc d:/software/gcc-arm-none-eabi/bin/../lib/gcc/arm-none-eabi/10.3.1/../../../../arm-none-eabi/lib/thumb/v7e-m+fp/hard\libg_nano.a(lib_a-errno.o)
                0x00004d9c                __errno
 .text.rshift   0x00004da8       0xa4 d:/software/gcc-arm-none-eabi/bin/../lib/gcc/arm-none-eabi/10.3.1/../../../../arm-none-eabi/lib/thumb/v7e-m+fp/hard\libg_nano.a(lib_a-gdtoa-gethex.o)
 .text.__hexdig_fun
                0x00004e4c       0x2a d:/software/gcc-arm-none-eabi/bin/../lib/gcc/arm-none-eabi/10.3.1/../../../../arm-none-eabi/lib/thumb/v7e-m+fp/hard\libg_nano.a(lib_a-gdtoa-gethex.o)
                0x00004e4c                __hexdig_fun
 *fill*         0x00004e76        0x2 
 .text.__gethex
                0x00004e78      0x48c d:/software/gcc-arm-none-eabi/bin/../lib/gcc/arm-none-eabi/10.3.1/../../../../arm-none-eabi/lib/thumb/v7e-m+fp/hard\libg_nano.a(lib_a-gdtoa-gethex.o)
                0x00004e78                __gethex
 .text.L_shift  0x00005304       0x24 d:/software/gcc-arm-none-eabi/bin/../lib/gcc/arm-none-eabi/10.3.1/../../../../arm-none-eabi/lib/thumb/v7e-m+fp/hard\libg_nano.a(lib_a-gdtoa-hexnan.o)
 .text.__match  0x00005328       0x28 d:/software/gcc-arm-none-eabi/bin/../lib/gcc/arm-none-eabi/10.3.1/../../../../arm-none-eabi/lib/thumb/v7e-m+fp/hard\libg_nano.a(lib_a-gdtoa-hexnan.o)
                0x00005328                __match
 .text.__hexnan
                0x00005350      0x138 d:/software/gcc-arm-none-eabi/bin/../lib/gcc/arm-none-eabi/10.3.1/../../../../arm-none-eabi/lib/thumb/v7e-m+fp/hard\libg_nano.a(lib_a-gdtoa-hexnan.o)
                0x00005350                __hexnan
 .text._localeconv_r
                0x00005488        0x8 d:/software/gcc-arm-none-eabi/bin/../lib/gcc/arm-none-eabi/10.3.1/../../../../arm-none-eabi/lib/thumb/v7e-m+fp/hard\libg_nano.a(lib_a-localeconv.o)
                0x00005488                _localeconv_r
 .text.__ascii_mbtowc
                0x00005490       0x24 d:/software/gcc-arm-none-eabi/bin/../lib/gcc/arm-none-eabi/10.3.1/../../../../arm-none-eabi/lib/thumb/v7e-m+fp/hard\libg_nano.a(lib_a-mbtowc_r.o)
                0x00005490                __ascii_mbtowc
 .text.__malloc_lock
                0x000054b4        0xc d:/software/gcc-arm-none-eabi/bin/../lib/gcc/arm-none-eabi/10.3.1/../../../../arm-none-eabi/lib/thumb/v7e-m+fp/hard\libg_nano.a(lib_a-mlock.o)
                0x000054b4                __malloc_lock
 .text.__malloc_unlock
                0x000054c0        0xc d:/software/gcc-arm-none-eabi/bin/../lib/gcc/arm-none-eabi/10.3.1/../../../../arm-none-eabi/lib/thumb/v7e-m+fp/hard\libg_nano.a(lib_a-mlock.o)
                0x000054c0                __malloc_unlock
 .text._Balloc  0x000054cc       0x80 d:/software/gcc-arm-none-eabi/bin/../lib/gcc/arm-none-eabi/10.3.1/../../../../arm-none-eabi/lib/thumb/v7e-m+fp/hard\libg_nano.a(lib_a-mprec.o)
                0x000054cc                _Balloc
 .text._Bfree   0x0000554c       0x44 d:/software/gcc-arm-none-eabi/bin/../lib/gcc/arm-none-eabi/10.3.1/../../../../arm-none-eabi/lib/thumb/v7e-m+fp/hard\libg_nano.a(lib_a-mprec.o)
                0x0000554c                _Bfree
 .text.__multadd
                0x00005590       0x8c d:/software/gcc-arm-none-eabi/bin/../lib/gcc/arm-none-eabi/10.3.1/../../../../arm-none-eabi/lib/thumb/v7e-m+fp/hard\libg_nano.a(lib_a-mprec.o)
                0x00005590                __multadd
 .text.__s2b    0x0000561c       0x94 d:/software/gcc-arm-none-eabi/bin/../lib/gcc/arm-none-eabi/10.3.1/../../../../arm-none-eabi/lib/thumb/v7e-m+fp/hard\libg_nano.a(lib_a-mprec.o)
                0x0000561c                __s2b
 .text.__hi0bits
                0x000056b0       0x40 d:/software/gcc-arm-none-eabi/bin/../lib/gcc/arm-none-eabi/10.3.1/../../../../arm-none-eabi/lib/thumb/v7e-m+fp/hard\libg_nano.a(lib_a-mprec.o)
                0x000056b0                __hi0bits
 .text.__lo0bits
                0x000056f0       0x5e d:/software/gcc-arm-none-eabi/bin/../lib/gcc/arm-none-eabi/10.3.1/../../../../arm-none-eabi/lib/thumb/v7e-m+fp/hard\libg_nano.a(lib_a-mprec.o)
                0x000056f0                __lo0bits
 *fill*         0x0000574e        0x2 
 .text.__i2b    0x00005750       0x2c d:/software/gcc-arm-none-eabi/bin/../lib/gcc/arm-none-eabi/10.3.1/../../../../arm-none-eabi/lib/thumb/v7e-m+fp/hard\libg_nano.a(lib_a-mprec.o)
                0x00005750                __i2b
 .text.__multiply
                0x0000577c      0x154 d:/software/gcc-arm-none-eabi/bin/../lib/gcc/arm-none-eabi/10.3.1/../../../../arm-none-eabi/lib/thumb/v7e-m+fp/hard\libg_nano.a(lib_a-mprec.o)
                0x0000577c                __multiply
 .text.__pow5mult
                0x000058d0       0xb4 d:/software/gcc-arm-none-eabi/bin/../lib/gcc/arm-none-eabi/10.3.1/../../../../arm-none-eabi/lib/thumb/v7e-m+fp/hard\libg_nano.a(lib_a-mprec.o)
                0x000058d0                __pow5mult
 .text.__lshift
                0x00005984       0xe0 d:/software/gcc-arm-none-eabi/bin/../lib/gcc/arm-none-eabi/10.3.1/../../../../arm-none-eabi/lib/thumb/v7e-m+fp/hard\libg_nano.a(lib_a-mprec.o)
                0x00005984                __lshift
 .text.__mcmp   0x00005a64       0x38 d:/software/gcc-arm-none-eabi/bin/../lib/gcc/arm-none-eabi/10.3.1/../../../../arm-none-eabi/lib/thumb/v7e-m+fp/hard\libg_nano.a(lib_a-mprec.o)
                0x00005a64                __mcmp
 .text.__mdiff  0x00005a9c      0x114 d:/software/gcc-arm-none-eabi/bin/../lib/gcc/arm-none-eabi/10.3.1/../../../../arm-none-eabi/lib/thumb/v7e-m+fp/hard\libg_nano.a(lib_a-mprec.o)
                0x00005a9c                __mdiff
 .text.__ulp    0x00005bb0       0x58 d:/software/gcc-arm-none-eabi/bin/../lib/gcc/arm-none-eabi/10.3.1/../../../../arm-none-eabi/lib/thumb/v7e-m+fp/hard\libg_nano.a(lib_a-mprec.o)
                0x00005bb0                __ulp
 .text.__b2d    0x00005c08       0xa0 d:/software/gcc-arm-none-eabi/bin/../lib/gcc/arm-none-eabi/10.3.1/../../../../arm-none-eabi/lib/thumb/v7e-m+fp/hard\libg_nano.a(lib_a-mprec.o)
                0x00005c08                __b2d
 .text.__d2b    0x00005ca8       0xb8 d:/software/gcc-arm-none-eabi/bin/../lib/gcc/arm-none-eabi/10.3.1/../../../../arm-none-eabi/lib/thumb/v7e-m+fp/hard\libg_nano.a(lib_a-mprec.o)
                0x00005ca8                __d2b
 .text.__ratio  0x00005d60       0x66 d:/software/gcc-arm-none-eabi/bin/../lib/gcc/arm-none-eabi/10.3.1/../../../../arm-none-eabi/lib/thumb/v7e-m+fp/hard\libg_nano.a(lib_a-mprec.o)
                0x00005d60                __ratio
 .text.__copybits
                0x00005dc6       0x46 d:/software/gcc-arm-none-eabi/bin/../lib/gcc/arm-none-eabi/10.3.1/../../../../arm-none-eabi/lib/thumb/v7e-m+fp/hard\libg_nano.a(lib_a-mprec.o)
                0x00005dc6                __copybits
 .text.__any_on
                0x00005e0c       0x42 d:/software/gcc-arm-none-eabi/bin/../lib/gcc/arm-none-eabi/10.3.1/../../../../arm-none-eabi/lib/thumb/v7e-m+fp/hard\libg_nano.a(lib_a-mprec.o)
                0x00005e0c                __any_on
 .text._calloc_r
                0x00005e4e       0x2c d:/software/gcc-arm-none-eabi/bin/../lib/gcc/arm-none-eabi/10.3.1/../../../../arm-none-eabi/lib/thumb/v7e-m+fp/hard\libg_nano.a(lib_a-nano-callocr.o)
                0x00005e4e                _calloc_r
 .text.__ssputs_r
                0x00005e7a       0xb6 d:/software/gcc-arm-none-eabi/bin/../lib/gcc/arm-none-eabi/10.3.1/../../../../arm-none-eabi/lib/thumb/v7e-m+fp/hard\libg_nano.a(lib_a-nano-svfprintf.o)
                0x00005e7a                __ssputs_r
 .text._svfprintf_r
                0x00005f30      0x200 d:/software/gcc-arm-none-eabi/bin/../lib/gcc/arm-none-eabi/10.3.1/../../../../arm-none-eabi/lib/thumb/v7e-m+fp/hard\libg_nano.a(lib_a-nano-svfprintf.o)
                0x00005f30                _svfiprintf_r
                0x00005f30                _svfprintf_r
 .text.nan      0x00006130       0x10 d:/software/gcc-arm-none-eabi/bin/../lib/gcc/arm-none-eabi/10.3.1/../../../../arm-none-eabi/lib/thumb/v7e-m+fp/hard\libg_nano.a(lib_a-s_nan.o)
                0x00006130                nan
 .text.strncmp  0x00006140       0x28 d:/software/gcc-arm-none-eabi/bin/../lib/gcc/arm-none-eabi/10.3.1/../../../../arm-none-eabi/lib/thumb/v7e-m+fp/hard\libg_nano.a(lib_a-strncmp.o)
                0x00006140                strncmp
 .text.__ascii_wctomb
                0x00006168       0x1a d:/software/gcc-arm-none-eabi/bin/../lib/gcc/arm-none-eabi/10.3.1/../../../../arm-none-eabi/lib/thumb/v7e-m+fp/hard\libg_nano.a(lib_a-wctomb_r.o)
                0x00006168                __ascii_wctomb
 *fill*         0x00006182        0x2 
 .text.__assert_func
                0x00006184       0x3c d:/software/gcc-arm-none-eabi/bin/../lib/gcc/arm-none-eabi/10.3.1/../../../../arm-none-eabi/lib/thumb/v7e-m+fp/hard\libg_nano.a(lib_a-assert.o)
                0x00006184                __assert_func
 .text.fprintf  0x000061c0       0x24 d:/software/gcc-arm-none-eabi/bin/../lib/gcc/arm-none-eabi/10.3.1/../../../../arm-none-eabi/lib/thumb/v7e-m+fp/hard\libg_nano.a(lib_a-fprintf.o)
                0x000061c0                fiprintf
                0x000061c0                fprintf
 .text.__retarget_lock_init_recursive
                0x000061e4        0x2 d:/software/gcc-arm-none-eabi/bin/../lib/gcc/arm-none-eabi/10.3.1/../../../../arm-none-eabi/lib/thumb/v7e-m+fp/hard\libg_nano.a(lib_a-lock.o)
                0x000061e4                __retarget_lock_init_recursive
 .text.__retarget_lock_acquire_recursive
                0x000061e6        0x2 d:/software/gcc-arm-none-eabi/bin/../lib/gcc/arm-none-eabi/10.3.1/../../../../arm-none-eabi/lib/thumb/v7e-m+fp/hard\libg_nano.a(lib_a-lock.o)
                0x000061e6                __retarget_lock_acquire_recursive
 .text.__retarget_lock_release_recursive
                0x000061e8        0x2 d:/software/gcc-arm-none-eabi/bin/../lib/gcc/arm-none-eabi/10.3.1/../../../../arm-none-eabi/lib/thumb/v7e-m+fp/hard\libg_nano.a(lib_a-lock.o)
                0x000061e8                __retarget_lock_release_recursive
 .text.memmove  0x000061ea       0x34 d:/software/gcc-arm-none-eabi/bin/../lib/gcc/arm-none-eabi/10.3.1/../../../../arm-none-eabi/lib/thumb/v7e-m+fp/hard\libg_nano.a(lib_a-memmove.o)
                0x000061ea                memmove
 .text._realloc_r
                0x0000621e       0x5e d:/software/gcc-arm-none-eabi/bin/../lib/gcc/arm-none-eabi/10.3.1/../../../../arm-none-eabi/lib/thumb/v7e-m+fp/hard\libg_nano.a(lib_a-nano-reallocr.o)
                0x0000621e                _realloc_r
 .text.__sfputc_r
                0x0000627c       0x2e d:/software/gcc-arm-none-eabi/bin/../lib/gcc/arm-none-eabi/10.3.1/../../../../arm-none-eabi/lib/thumb/v7e-m+fp/hard\libg_nano.a(lib_a-nano-vfprintf.o)
 .text.__sfputs_r
                0x000062aa       0x24 d:/software/gcc-arm-none-eabi/bin/../lib/gcc/arm-none-eabi/10.3.1/../../../../arm-none-eabi/lib/thumb/v7e-m+fp/hard\libg_nano.a(lib_a-nano-vfprintf.o)
                0x000062aa                __sfputs_r
 *fill*         0x000062ce        0x2 
 .text._vfprintf_r
                0x000062d0      0x260 d:/software/gcc-arm-none-eabi/bin/../lib/gcc/arm-none-eabi/10.3.1/../../../../arm-none-eabi/lib/thumb/v7e-m+fp/hard\libg_nano.a(lib_a-nano-vfprintf.o)
                0x000062d0                _vfprintf_r
                0x000062d0                _vfiprintf_r
 .text.__swbuf_r
                0x00006530       0xa4 d:/software/gcc-arm-none-eabi/bin/../lib/gcc/arm-none-eabi/10.3.1/../../../../arm-none-eabi/lib/thumb/v7e-m+fp/hard\libg_nano.a(lib_a-wbuf.o)
                0x00006530                __swbuf_r
 .text.__swsetup_r
                0x000065d4       0xdc d:/software/gcc-arm-none-eabi/bin/../lib/gcc/arm-none-eabi/10.3.1/../../../../arm-none-eabi/lib/thumb/v7e-m+fp/hard\libg_nano.a(lib_a-wsetup.o)
                0x000065d4                __swsetup_r
 .text.abort    0x000066b0        0xe d:/software/gcc-arm-none-eabi/bin/../lib/gcc/arm-none-eabi/10.3.1/../../../../arm-none-eabi/lib/thumb/v7e-m+fp/hard\libg_nano.a(lib_a-abort.o)
                0x000066b0                abort
 *fill*         0x000066be        0x2 
 .text.__sflush_r
                0x000066c0      0x10c d:/software/gcc-arm-none-eabi/bin/../lib/gcc/arm-none-eabi/10.3.1/../../../../arm-none-eabi/lib/thumb/v7e-m+fp/hard\libg_nano.a(lib_a-fflush.o)
                0x000066c0                __sflush_r
 .text._fflush_r
                0x000067cc       0x78 d:/software/gcc-arm-none-eabi/bin/../lib/gcc/arm-none-eabi/10.3.1/../../../../arm-none-eabi/lib/thumb/v7e-m+fp/hard\libg_nano.a(lib_a-fflush.o)
                0x000067cc                _fflush_r
 .text.std      0x00006844       0x48 d:/software/gcc-arm-none-eabi/bin/../lib/gcc/arm-none-eabi/10.3.1/../../../../arm-none-eabi/lib/thumb/v7e-m+fp/hard\libg_nano.a(lib_a-findfp.o)
 .text._cleanup_r
                0x0000688c        0xc d:/software/gcc-arm-none-eabi/bin/../lib/gcc/arm-none-eabi/10.3.1/../../../../arm-none-eabi/lib/thumb/v7e-m+fp/hard\libg_nano.a(lib_a-findfp.o)
                0x0000688c                _cleanup_r
 .text.__sfmoreglue
                0x00006898       0x2c d:/software/gcc-arm-none-eabi/bin/../lib/gcc/arm-none-eabi/10.3.1/../../../../arm-none-eabi/lib/thumb/v7e-m+fp/hard\libg_nano.a(lib_a-findfp.o)
                0x00006898                __sfmoreglue
 .text.__sfp_lock_acquire
                0x000068c4        0xc d:/software/gcc-arm-none-eabi/bin/../lib/gcc/arm-none-eabi/10.3.1/../../../../arm-none-eabi/lib/thumb/v7e-m+fp/hard\libg_nano.a(lib_a-findfp.o)
                0x000068c4                __sfp_lock_acquire
 .text.__sfp_lock_release
                0x000068d0        0xc d:/software/gcc-arm-none-eabi/bin/../lib/gcc/arm-none-eabi/10.3.1/../../../../arm-none-eabi/lib/thumb/v7e-m+fp/hard\libg_nano.a(lib_a-findfp.o)
                0x000068d0                __sfp_lock_release
 .text.__sinit_lock_acquire
                0x000068dc        0xc d:/software/gcc-arm-none-eabi/bin/../lib/gcc/arm-none-eabi/10.3.1/../../../../arm-none-eabi/lib/thumb/v7e-m+fp/hard\libg_nano.a(lib_a-findfp.o)
                0x000068dc                __sinit_lock_acquire
 .text.__sinit_lock_release
                0x000068e8        0xc d:/software/gcc-arm-none-eabi/bin/../lib/gcc/arm-none-eabi/10.3.1/../../../../arm-none-eabi/lib/thumb/v7e-m+fp/hard\libg_nano.a(lib_a-findfp.o)
                0x000068e8                __sinit_lock_release
 .text.__sinit  0x000068f4       0x70 d:/software/gcc-arm-none-eabi/bin/../lib/gcc/arm-none-eabi/10.3.1/../../../../arm-none-eabi/lib/thumb/v7e-m+fp/hard\libg_nano.a(lib_a-findfp.o)
                0x000068f4                __sinit
 .text.__sfp    0x00006964       0x8c d:/software/gcc-arm-none-eabi/bin/../lib/gcc/arm-none-eabi/10.3.1/../../../../arm-none-eabi/lib/thumb/v7e-m+fp/hard\libg_nano.a(lib_a-findfp.o)
                0x00006964                __sfp
 .text._fwalk_reent
                0x000069f0       0x3e d:/software/gcc-arm-none-eabi/bin/../lib/gcc/arm-none-eabi/10.3.1/../../../../arm-none-eabi/lib/thumb/v7e-m+fp/hard\libg_nano.a(lib_a-fwalk.o)
                0x000069f0                _fwalk_reent
 .text.__swhatbuf_r
                0x00006a2e       0x4a d:/software/gcc-arm-none-eabi/bin/../lib/gcc/arm-none-eabi/10.3.1/../../../../arm-none-eabi/lib/thumb/v7e-m+fp/hard\libg_nano.a(lib_a-makebuf.o)
                0x00006a2e                __swhatbuf_r
 .text.__smakebuf_r
                0x00006a78       0x80 d:/software/gcc-arm-none-eabi/bin/../lib/gcc/arm-none-eabi/10.3.1/../../../../arm-none-eabi/lib/thumb/v7e-m+fp/hard\libg_nano.a(lib_a-makebuf.o)
                0x00006a78                __smakebuf_r
 .text._malloc_usable_size_r
                0x00006af8       0x10 d:/software/gcc-arm-none-eabi/bin/../lib/gcc/arm-none-eabi/10.3.1/../../../../arm-none-eabi/lib/thumb/v7e-m+fp/hard\libg_nano.a(lib_a-nano-msizer.o)
                0x00006af8                _malloc_usable_size_r
 .text._raise_r
                0x00006b08       0x50 d:/software/gcc-arm-none-eabi/bin/../lib/gcc/arm-none-eabi/10.3.1/../../../../arm-none-eabi/lib/thumb/v7e-m+fp/hard\libg_nano.a(lib_a-signal.o)
                0x00006b08                _raise_r
 .text.raise    0x00006b58       0x10 d:/software/gcc-arm-none-eabi/bin/../lib/gcc/arm-none-eabi/10.3.1/../../../../arm-none-eabi/lib/thumb/v7e-m+fp/hard\libg_nano.a(lib_a-signal.o)
                0x00006b58                raise
 .text._kill_r  0x00006b68       0x24 d:/software/gcc-arm-none-eabi/bin/../lib/gcc/arm-none-eabi/10.3.1/../../../../arm-none-eabi/lib/thumb/v7e-m+fp/hard\libg_nano.a(lib_a-signalr.o)
                0x00006b68                _kill_r
 .text._getpid_r
                0x00006b8c        0x4 d:/software/gcc-arm-none-eabi/bin/../lib/gcc/arm-none-eabi/10.3.1/../../../../arm-none-eabi/lib/thumb/v7e-m+fp/hard\libg_nano.a(lib_a-signalr.o)
                0x00006b8c                _getpid_r
 .text.__sread  0x00006b90       0x22 d:/software/gcc-arm-none-eabi/bin/../lib/gcc/arm-none-eabi/10.3.1/../../../../arm-none-eabi/lib/thumb/v7e-m+fp/hard\libg_nano.a(lib_a-stdio.o)
                0x00006b90                __sread
 .text.__swrite
                0x00006bb2       0x38 d:/software/gcc-arm-none-eabi/bin/../lib/gcc/arm-none-eabi/10.3.1/../../../../arm-none-eabi/lib/thumb/v7e-m+fp/hard\libg_nano.a(lib_a-stdio.o)
                0x00006bb2                __swrite
 .text.__sseek  0x00006bea       0x24 d:/software/gcc-arm-none-eabi/bin/../lib/gcc/arm-none-eabi/10.3.1/../../../../arm-none-eabi/lib/thumb/v7e-m+fp/hard\libg_nano.a(lib_a-stdio.o)
                0x00006bea                __sseek
 .text.__sclose
                0x00006c0e        0x8 d:/software/gcc-arm-none-eabi/bin/../lib/gcc/arm-none-eabi/10.3.1/../../../../arm-none-eabi/lib/thumb/v7e-m+fp/hard\libg_nano.a(lib_a-stdio.o)
                0x00006c0e                __sclose
 *fill*         0x00006c16        0x2 
 .text._write_r
                0x00006c18       0x24 d:/software/gcc-arm-none-eabi/bin/../lib/gcc/arm-none-eabi/10.3.1/../../../../arm-none-eabi/lib/thumb/v7e-m+fp/hard\libg_nano.a(lib_a-writer.o)
                0x00006c18                _write_r
 .text._close_r
                0x00006c3c       0x20 d:/software/gcc-arm-none-eabi/bin/../lib/gcc/arm-none-eabi/10.3.1/../../../../arm-none-eabi/lib/thumb/v7e-m+fp/hard\libg_nano.a(lib_a-closer.o)
                0x00006c3c                _close_r
 .text._fstat_r
                0x00006c5c       0x24 d:/software/gcc-arm-none-eabi/bin/../lib/gcc/arm-none-eabi/10.3.1/../../../../arm-none-eabi/lib/thumb/v7e-m+fp/hard\libg_nano.a(lib_a-fstatr.o)
                0x00006c5c                _fstat_r
 .text._isatty_r
                0x00006c80       0x20 d:/software/gcc-arm-none-eabi/bin/../lib/gcc/arm-none-eabi/10.3.1/../../../../arm-none-eabi/lib/thumb/v7e-m+fp/hard\libg_nano.a(lib_a-isattyr.o)
                0x00006c80                _isatty_r
 .text._lseek_r
                0x00006ca0       0x24 d:/software/gcc-arm-none-eabi/bin/../lib/gcc/arm-none-eabi/10.3.1/../../../../arm-none-eabi/lib/thumb/v7e-m+fp/hard\libg_nano.a(lib_a-lseekr.o)
                0x00006ca0                _lseek_r
 .text._read_r  0x00006cc4       0x24 d:/software/gcc-arm-none-eabi/bin/../lib/gcc/arm-none-eabi/10.3.1/../../../../arm-none-eabi/lib/thumb/v7e-m+fp/hard\libg_nano.a(lib_a-readr.o)
                0x00006cc4                _read_r
 .text._close   0x00006ce8       0x10 d:/software/gcc-arm-none-eabi/bin/../lib/gcc/arm-none-eabi/10.3.1/../../../../arm-none-eabi/lib/thumb/v7e-m+fp/hard\libnosys.a(close.o)
                0x00006ce8                _close
 .text._fstat   0x00006cf8       0x10 d:/software/gcc-arm-none-eabi/bin/../lib/gcc/arm-none-eabi/10.3.1/../../../../arm-none-eabi/lib/thumb/v7e-m+fp/hard\libnosys.a(fstat.o)
                0x00006cf8                _fstat
 .text._getpid  0x00006d08       0x10 d:/software/gcc-arm-none-eabi/bin/../lib/gcc/arm-none-eabi/10.3.1/../../../../arm-none-eabi/lib/thumb/v7e-m+fp/hard\libnosys.a(getpid.o)
                0x00006d08                _getpid
 .text._isatty  0x00006d18       0x10 d:/software/gcc-arm-none-eabi/bin/../lib/gcc/arm-none-eabi/10.3.1/../../../../arm-none-eabi/lib/thumb/v7e-m+fp/hard\libnosys.a(isatty.o)
                0x00006d18                _isatty
 .text._kill    0x00006d28       0x10 d:/software/gcc-arm-none-eabi/bin/../lib/gcc/arm-none-eabi/10.3.1/../../../../arm-none-eabi/lib/thumb/v7e-m+fp/hard\libnosys.a(kill.o)
                0x00006d28                _kill
 .text._lseek   0x00006d38       0x10 d:/software/gcc-arm-none-eabi/bin/../lib/gcc/arm-none-eabi/10.3.1/../../../../arm-none-eabi/lib/thumb/v7e-m+fp/hard\libnosys.a(lseek.o)
                0x00006d38                _lseek
 .text._read    0x00006d48       0x10 d:/software/gcc-arm-none-eabi/bin/../lib/gcc/arm-none-eabi/10.3.1/../../../../arm-none-eabi/lib/thumb/v7e-m+fp/hard\libnosys.a(read.o)
                0x00006d48                _read
 .text._sbrk    0x00006d58       0x1c d:/software/gcc-arm-none-eabi/bin/../lib/gcc/arm-none-eabi/10.3.1/../../../../arm-none-eabi/lib/thumb/v7e-m+fp/hard\libnosys.a(sbrk.o)
                0x00006d58                _sbrk
 .text._write   0x00006d74       0x10 d:/software/gcc-arm-none-eabi/bin/../lib/gcc/arm-none-eabi/10.3.1/../../../../arm-none-eabi/lib/thumb/v7e-m+fp/hard\libnosys.a(write.o)
                0x00006d74                _write
 .text._exit    0x00006d84        0x4 d:/software/gcc-arm-none-eabi/bin/../lib/gcc/arm-none-eabi/10.3.1/../../../../arm-none-eabi/lib/thumb/v7e-m+fp/hard\libnosys.a(_exit.o)
                0x00006d84                _exit
 *(.glue_7)
 .glue_7        0x00006d88        0x0 linker stubs
 *(.glue_7t)
 .glue_7t       0x00006d88        0x0 linker stubs
 *(.eh_frame)
 .eh_frame      0x00006d88        0x0 d:/software/gcc-arm-none-eabi/bin/../lib/gcc/arm-none-eabi/10.3.1/thumb/v7e-m+fp/hard/crtbegin.o
 *(.init)
 .init          0x00006d88        0x4 d:/software/gcc-arm-none-eabi/bin/../lib/gcc/arm-none-eabi/10.3.1/thumb/v7e-m+fp/hard/crti.o
                0x00006d88                _init
 .init          0x00006d8c        0x8 d:/software/gcc-arm-none-eabi/bin/../lib/gcc/arm-none-eabi/10.3.1/thumb/v7e-m+fp/hard/crtn.o
 *(.fini)
 .fini          0x00006d94        0x4 d:/software/gcc-arm-none-eabi/bin/../lib/gcc/arm-none-eabi/10.3.1/thumb/v7e-m+fp/hard/crti.o
                0x00006d94                _fini
 .fini          0x00006d98        0x8 d:/software/gcc-arm-none-eabi/bin/../lib/gcc/arm-none-eabi/10.3.1/thumb/v7e-m+fp/hard/crtn.o
                0x00006da0                . = ALIGN (0x4)

.vfp11_veneer   0x00006da0        0x0
 .vfp11_veneer  0x00006da0        0x0 linker stubs

.v4_bx          0x00006da0        0x0
 .v4_bx         0x00006da0        0x0 linker stubs

.iplt           0x00006da0        0x0
 .iplt          0x00006da0        0x0 d:/software/gcc-arm-none-eabi/bin/../lib/gcc/arm-none-eabi/10.3.1/thumb/v7e-m+fp/hard/crtbegin.o

.rodata         0x00006da0      0x77c
                0x00006da0                . = ALIGN (0x4)
 *(.rodata)
 *(.rodata*)
 .rodata.PLLxParamCheck.str1.4
                0x00006da0       0x66 drivers\hc32f4a0-drivers\libhc32f4a0.a(hc32_ll_clk.c.obj)
 *fill*         0x00006e06        0x2 
 .rodata.EFM_Cmd.str1.4
                0x00006e08       0x66 drivers\hc32f4a0-drivers\libhc32f4a0.a(hc32_ll_efm.c.obj)
 *fill*         0x00006e6e        0x2 
 .rodata.FCG_Fcg0PeriphClockCmd.str1.4
                0x00006e70       0x66 drivers\hc32f4a0-drivers\libhc32f4a0.a(hc32_ll_fcg.c.obj)
 *fill*         0x00006ed6        0x2 
 .rodata.FCM_Init.str1.4
                0x00006ed8       0x66 drivers\hc32f4a0-drivers\libhc32f4a0.a(hc32_ll_fcm.c.obj)
 *fill*         0x00006f3e        0x2 
 .rodata.GPIO_Init.str1.4
                0x00006f40       0x67 drivers\hc32f4a0-drivers\libhc32f4a0.a(hc32_ll_gpio.c.obj)
 *fill*         0x00006fa7        0x1 
 .rodata.SRAM_DeInit.str1.4
                0x00006fa8       0x67 drivers\hc32f4a0-drivers\libhc32f4a0.a(hc32_ll_sram.c.obj)
 *fill*         0x0000700f        0x1 
 .rodata._global_impure_ptr
                0x00007010        0x4 d:/software/gcc-arm-none-eabi/bin/../lib/gcc/arm-none-eabi/10.3.1/../../../../arm-none-eabi/lib/thumb/v7e-m+fp/hard\libg_nano.a(lib_a-impure.o)
                0x00007010                _global_impure_ptr
 .rodata._printf_float.str1.1
                0x00007014       0x12 d:/software/gcc-arm-none-eabi/bin/../lib/gcc/arm-none-eabi/10.3.1/../../../../arm-none-eabi/lib/thumb/v7e-m+fp/hard\libg_nano.a(lib_a-nano-vfprintf_float.o)
 .rodata._printf_i.str1.1
                0x00007026       0x22 d:/software/gcc-arm-none-eabi/bin/../lib/gcc/arm-none-eabi/10.3.1/../../../../arm-none-eabi/lib/thumb/v7e-m+fp/hard\libg_nano.a(lib_a-nano-vfprintf_i.o)
 .rodata._scanf_float.str1.1
                0x00007048        0x5 d:/software/gcc-arm-none-eabi/bin/../lib/gcc/arm-none-eabi/10.3.1/../../../../arm-none-eabi/lib/thumb/v7e-m+fp/hard\libg_nano.a(lib_a-nano-vfscanf_float.o)
                                  0x6 (size before relaxing)
 .rodata._strtod_l.str1.1
                0x0000704d        0x5 d:/software/gcc-arm-none-eabi/bin/../lib/gcc/arm-none-eabi/10.3.1/../../../../arm-none-eabi/lib/thumb/v7e-m+fp/hard\libg_nano.a(lib_a-strtod.o)
                                  0xd (size before relaxing)
 *fill*         0x0000704d        0x3 
 .rodata.fpi.1  0x00007050       0x14 d:/software/gcc-arm-none-eabi/bin/../lib/gcc/arm-none-eabi/10.3.1/../../../../arm-none-eabi/lib/thumb/v7e-m+fp/hard\libg_nano.a(lib_a-strtod.o)
 .rodata.fpinan.0
                0x00007064       0x14 d:/software/gcc-arm-none-eabi/bin/../lib/gcc/arm-none-eabi/10.3.1/../../../../arm-none-eabi/lib/thumb/v7e-m+fp/hard\libg_nano.a(lib_a-strtod.o)
 .rodata.tinytens
                0x00007078       0x28 d:/software/gcc-arm-none-eabi/bin/../lib/gcc/arm-none-eabi/10.3.1/../../../../arm-none-eabi/lib/thumb/v7e-m+fp/hard\libg_nano.a(lib_a-strtod.o)
 .rodata._ctype_
                0x000070a0      0x101 d:/software/gcc-arm-none-eabi/bin/../lib/gcc/arm-none-eabi/10.3.1/../../../../arm-none-eabi/lib/thumb/v7e-m+fp/hard\libg_nano.a(lib_a-ctype_.o)
                0x000070a0                _ctype_
 .rodata._dtoa_r.str1.1
                0x000071a1       0xb3 d:/software/gcc-arm-none-eabi/bin/../lib/gcc/arm-none-eabi/10.3.1/../../../../arm-none-eabi/lib/thumb/v7e-m+fp/hard\libg_nano.a(lib_a-dtoa.o)
                                 0xb5 (size before relaxing)
 .rodata.__gethex.str1.1
                0x00007254       0x86 d:/software/gcc-arm-none-eabi/bin/../lib/gcc/arm-none-eabi/10.3.1/../../../../arm-none-eabi/lib/thumb/v7e-m+fp/hard\libg_nano.a(lib_a-gdtoa-gethex.o)
                                 0x97 (size before relaxing)
 .rodata.str1.1
                0x000072da        0x2 d:/software/gcc-arm-none-eabi/bin/../lib/gcc/arm-none-eabi/10.3.1/../../../../arm-none-eabi/lib/thumb/v7e-m+fp/hard\libg_nano.a(lib_a-lnumeric.o)
                                  0x3 (size before relaxing)
 .rodata._C_numeric_locale
                0x000072dc        0xc d:/software/gcc-arm-none-eabi/bin/../lib/gcc/arm-none-eabi/10.3.1/../../../../arm-none-eabi/lib/thumb/v7e-m+fp/hard\libg_nano.a(lib_a-lnumeric.o)
                0x000072dc                _C_numeric_locale
 .rodata._setlocale_r.str1.1
                0x000072e8        0x8 d:/software/gcc-arm-none-eabi/bin/../lib/gcc/arm-none-eabi/10.3.1/../../../../arm-none-eabi/lib/thumb/v7e-m+fp/hard\libg_nano.a(lib_a-locale.o)
                                  0x9 (size before relaxing)
 .rodata.str1.1
                0x000072f0        0x2 d:/software/gcc-arm-none-eabi/bin/../lib/gcc/arm-none-eabi/10.3.1/../../../../arm-none-eabi/lib/thumb/v7e-m+fp/hard\libg_nano.a(lib_a-locale.o)
 .rodata._Balloc.str1.1
                0x000072f0       0x7f d:/software/gcc-arm-none-eabi/bin/../lib/gcc/arm-none-eabi/10.3.1/../../../../arm-none-eabi/lib/thumb/v7e-m+fp/hard\libg_nano.a(lib_a-mprec.o)
                                 0x96 (size before relaxing)
 .rodata.__multadd.str1.1
                0x0000736f       0x11 d:/software/gcc-arm-none-eabi/bin/../lib/gcc/arm-none-eabi/10.3.1/../../../../arm-none-eabi/lib/thumb/v7e-m+fp/hard\libg_nano.a(lib_a-mprec.o)
 *fill*         0x0000736f        0x1 
 .rodata.__mprec_bigtens
                0x00007370       0x28 d:/software/gcc-arm-none-eabi/bin/../lib/gcc/arm-none-eabi/10.3.1/../../../../arm-none-eabi/lib/thumb/v7e-m+fp/hard\libg_nano.a(lib_a-mprec.o)
                0x00007370                __mprec_bigtens
 .rodata.__mprec_tens
                0x00007398       0xc8 d:/software/gcc-arm-none-eabi/bin/../lib/gcc/arm-none-eabi/10.3.1/../../../../arm-none-eabi/lib/thumb/v7e-m+fp/hard\libg_nano.a(lib_a-mprec.o)
                0x00007398                __mprec_tens
 .rodata.p05.0  0x00007460        0xc d:/software/gcc-arm-none-eabi/bin/../lib/gcc/arm-none-eabi/10.3.1/../../../../arm-none-eabi/lib/thumb/v7e-m+fp/hard\libg_nano.a(lib_a-mprec.o)
 .rodata._svfprintf_r.str1.1
                0x0000746c       0x11 d:/software/gcc-arm-none-eabi/bin/../lib/gcc/arm-none-eabi/10.3.1/../../../../arm-none-eabi/lib/thumb/v7e-m+fp/hard\libg_nano.a(lib_a-nano-svfprintf.o)
 .rodata.__assert_func.str1.1
                0x0000747d       0x3c d:/software/gcc-arm-none-eabi/bin/../lib/gcc/arm-none-eabi/10.3.1/../../../../arm-none-eabi/lib/thumb/v7e-m+fp/hard\libg_nano.a(lib_a-assert.o)
                                 0x3d (size before relaxing)
 .rodata._vfprintf_r.str1.1
                0x000074b9       0x11 d:/software/gcc-arm-none-eabi/bin/../lib/gcc/arm-none-eabi/10.3.1/../../../../arm-none-eabi/lib/thumb/v7e-m+fp/hard\libg_nano.a(lib_a-nano-vfprintf.o)
 *fill*         0x000074b9        0x3 
 .rodata.__sf_fake_stderr
                0x000074bc       0x20 d:/software/gcc-arm-none-eabi/bin/../lib/gcc/arm-none-eabi/10.3.1/../../../../arm-none-eabi/lib/thumb/v7e-m+fp/hard\libg_nano.a(lib_a-findfp.o)
                0x000074bc                __sf_fake_stderr
 .rodata.__sf_fake_stdin
                0x000074dc       0x20 d:/software/gcc-arm-none-eabi/bin/../lib/gcc/arm-none-eabi/10.3.1/../../../../arm-none-eabi/lib/thumb/v7e-m+fp/hard\libg_nano.a(lib_a-findfp.o)
                0x000074dc                __sf_fake_stdin
 .rodata.__sf_fake_stdout
                0x000074fc       0x20 d:/software/gcc-arm-none-eabi/bin/../lib/gcc/arm-none-eabi/10.3.1/../../../../arm-none-eabi/lib/thumb/v7e-m+fp/hard\libg_nano.a(lib_a-findfp.o)
                0x000074fc                __sf_fake_stdout
                0x0000751c                . = ALIGN (0x4)

.rel.dyn        0x0000751c        0x0
 .rel.iplt      0x0000751c        0x0 d:/software/gcc-arm-none-eabi/bin/../lib/gcc/arm-none-eabi/10.3.1/thumb/v7e-m+fp/hard/crtbegin.o

.ARM.extab
 *(.ARM.extab* .gnu.linkonce.armextab.*)
                0x0000751c                __exidx_start = .

.ARM.exidx
 *(.ARM.exidx* .gnu.linkonce.armexidx.*)
                0x0000751c                __exidx_end = .

.preinit_array  0x0000751c        0x0
                0x0000751c                . = ALIGN (0x4)
                0x0000751c                PROVIDE (__preinit_array_start = .)
 *(.preinit_array)
                0x0000751c                PROVIDE (__preinit_array_end = .)
                0x0000751c                . = ALIGN (0x4)

.init_array     0x0000751c        0x4
                0x0000751c                . = ALIGN (0x4)
                0x0000751c                PROVIDE (__init_array_start = .)
 *(SORT_BY_NAME(.init_array.*))
 *(.init_array)
 .init_array    0x0000751c        0x4 d:/software/gcc-arm-none-eabi/bin/../lib/gcc/arm-none-eabi/10.3.1/thumb/v7e-m+fp/hard/crtbegin.o
                0x00007520                PROVIDE (__init_array_end = .)
                0x00007520                . = ALIGN (0x4)

.fini_array     0x00007520        0x4
                0x00007520                . = ALIGN (0x4)
                [!provide]                PROVIDE (__fini_array_start = .)
 *(SORT_BY_NAME(.fini_array.*))
 *(.fini_array)
 .fini_array    0x00007520        0x4 d:/software/gcc-arm-none-eabi/bin/../lib/gcc/arm-none-eabi/10.3.1/thumb/v7e-m+fp/hard/crtbegin.o
                [!provide]                PROVIDE (__fini_array_end = .)
                0x00007524                . = ALIGN (0x4)
                0x00007524                __etext = ALIGN (0x4)

.otp_data       0x03000000      0x800
                0x03000000                . = ALIGN (0x4)
                0x03000000                . = (ORIGIN (OTP_DATA) + __OTP_DATA_B16_OFFSET)
 *(.otp_b16_data*)
                0x03000800                . = (ORIGIN (OTP_DATA) + __OTP_DATA_B17_OFFSET)
 *fill*         0x03000000      0x800 
 *(.otp_b17_data*)
                0x03000800                . = ALIGN (0x4)

.otp_lock       0x03001800       0x44
                0x03001800                . = ALIGN (0x4)
                0x03001840                . = (ORIGIN (OTP_LOCK) + __OTP_LOCK_B16_OFFSET)
 *fill*         0x03001800       0x40 
 *(.otp_b16_lock*)
                0x03001844                . = (ORIGIN (OTP_LOCK) + __OTP_LOCK_B17_OFFSET)
 *fill*         0x03001840        0x4 
 *(.otp_b17_lock*)
                0x03001844                . = ALIGN (0x4)

.data           0x1ffe0000      0x1d4 load address 0x00007524
                0x1ffe0000                . = ALIGN (0x4)
                0x1ffe0000                __data_start__ = .
 *(vtable)
 *(.data)
 *(.data*)
 .data._impure_ptr
                0x1ffe0000        0x4 d:/software/gcc-arm-none-eabi/bin/../lib/gcc/arm-none-eabi/10.3.1/../../../../arm-none-eabi/lib/thumb/v7e-m+fp/hard\libg_nano.a(lib_a-impure.o)
                0x1ffe0000                _impure_ptr
 .data.impure_data
                0x1ffe0004       0x60 d:/software/gcc-arm-none-eabi/bin/../lib/gcc/arm-none-eabi/10.3.1/../../../../arm-none-eabi/lib/thumb/v7e-m+fp/hard\libg_nano.a(lib_a-impure.o)
 .data.numempty
                0x1ffe0064        0x2 d:/software/gcc-arm-none-eabi/bin/../lib/gcc/arm-none-eabi/10.3.1/../../../../arm-none-eabi/lib/thumb/v7e-m+fp/hard\libg_nano.a(lib_a-lnumeric.o)
 *fill*         0x1ffe0066        0x2 
 .data.__global_locale
                0x1ffe0068      0x16c d:/software/gcc-arm-none-eabi/bin/../lib/gcc/arm-none-eabi/10.3.1/../../../../arm-none-eabi/lib/thumb/v7e-m+fp/hard\libg_nano.a(lib_a-locale.o)
                0x1ffe0068                __global_locale
                0x1ffe01d4                . = ALIGN (0x4)
 *(.ramfunc)
 *(.ramfunc*)
                0x1ffe01d4                . = ALIGN (0x4)
                0x1ffe01d4                __data_end__ = .
                0x000076f8                __etext_ramb = (__etext + ALIGN (SIZEOF (.data), 0x4))

.igot.plt       0x1ffe01d4        0x0 load address 0x000076f8
 .igot.plt      0x1ffe01d4        0x0 d:/software/gcc-arm-none-eabi/bin/../lib/gcc/arm-none-eabi/10.3.1/thumb/v7e-m+fp/hard/crtbegin.o

.ramb_data      0x200f0000        0x0 load address 0x000076f8
                0x200f0000                . = ALIGN (0x4)
                0x200f0000                __data_start_ramb__ = .
 *(.ramb_data)
 *(.ramb_data*)
                0x200f0000                . = ALIGN (0x4)
                0x200f0000                __data_end_ramb__ = .

.bss            0x1ffe01d4       0x38 load address 0x000076f8
                0x1ffe01d4                . = ALIGN (0x4)
                0x1ffe01d4                _sbss = .
                0x1ffe01d4                __bss_start__ = _sbss
 *(.bss)
 .bss           0x1ffe01d4       0x1c d:/software/gcc-arm-none-eabi/bin/../lib/gcc/arm-none-eabi/10.3.1/thumb/v7e-m+fp/hard/crtbegin.o
 *(.bss*)
 .bss.__malloc_free_list
                0x1ffe01f0        0x4 d:/software/gcc-arm-none-eabi/bin/../lib/gcc/arm-none-eabi/10.3.1/../../../../arm-none-eabi/lib/thumb/v7e-m+fp/hard\libg_nano.a(lib_a-nano-mallocr.o)
                0x1ffe01f0                __malloc_free_list
 .bss.__malloc_sbrk_start
                0x1ffe01f4        0x4 d:/software/gcc-arm-none-eabi/bin/../lib/gcc/arm-none-eabi/10.3.1/../../../../arm-none-eabi/lib/thumb/v7e-m+fp/hard\libg_nano.a(lib_a-nano-mallocr.o)
                0x1ffe01f4                __malloc_sbrk_start
 .bss.errno     0x1ffe01f8        0x4 d:/software/gcc-arm-none-eabi/bin/../lib/gcc/arm-none-eabi/10.3.1/../../../../arm-none-eabi/lib/thumb/v7e-m+fp/hard\libg_nano.a(lib_a-reent.o)
                0x1ffe01f8                errno
 .bss.__lock___malloc_recursive_mutex
                0x1ffe01fc        0x1 d:/software/gcc-arm-none-eabi/bin/../lib/gcc/arm-none-eabi/10.3.1/../../../../arm-none-eabi/lib/thumb/v7e-m+fp/hard\libg_nano.a(lib_a-lock.o)
                0x1ffe01fc                __lock___malloc_recursive_mutex
 .bss.__lock___sfp_recursive_mutex
                0x1ffe01fd        0x1 d:/software/gcc-arm-none-eabi/bin/../lib/gcc/arm-none-eabi/10.3.1/../../../../arm-none-eabi/lib/thumb/v7e-m+fp/hard\libg_nano.a(lib_a-lock.o)
                0x1ffe01fd                __lock___sfp_recursive_mutex
 .bss.__lock___sinit_recursive_mutex
                0x1ffe01fe        0x1 d:/software/gcc-arm-none-eabi/bin/../lib/gcc/arm-none-eabi/10.3.1/../../../../arm-none-eabi/lib/thumb/v7e-m+fp/hard\libg_nano.a(lib_a-lock.o)
                0x1ffe01fe                __lock___sinit_recursive_mutex
 *fill*         0x1ffe01ff        0x1 
 .bss.heap_end.0
                0x1ffe0200        0x4 d:/software/gcc-arm-none-eabi/bin/../lib/gcc/arm-none-eabi/10.3.1/../../../../arm-none-eabi/lib/thumb/v7e-m+fp/hard\libnosys.a(sbrk.o)
 *(COMMON)
                0x1ffe0204                . = ALIGN (0x4)
                0x1ffe0204                _ebss = .
                0x1ffe0204                __bss_end__ = _ebss
                0x1ffe0204                . = ALIGN (0x4)
 *(.noinit*)
 .noinit        0x1ffe0204        0x8 drivers\hc32f4a0-drivers\libhc32f4a0.a(system_hc32f4a0.c.obj)
                0x1ffe0204                HRC_VALUE
                0x1ffe0208                SystemCoreClock
                0x1ffe020c                . = ALIGN (0x4)

.ramb_bss       0x200f0000        0x0
                0x200f0000                . = ALIGN (0x4)
                0x200f0000                __bss_start_ramb__ = .
 *(.ramb_bss)
 *(.ramb_bss*)
                0x200f0000                . = ALIGN (0x4)
                0x200f0000                __bss_end_ramb__ = .

.heap_stack     0x1ffe0210     0x4000
                0x1ffe0210                . = ALIGN (0x8)
                0x1ffe0210                __end__ = .
                0x1ffe0210                PROVIDE (end = .)
                [!provide]                PROVIDE (_end = .)
 *(.heap*)
 .heap          0x1ffe0210     0x2000 drivers\hc32f4a0-drivers\libhc32f4a0.a(startup_hc32f4a0.S.obj)
                0x1ffe0210                __HeapBase
                0x1ffe2210                . = ALIGN (0x8)
                0x1ffe2210                __HeapLimit = .
                0x1ffe2210                __StackLimit = .
 *(.stack*)
 .stack         0x1ffe2210     0x2000 drivers\hc32f4a0-drivers\libhc32f4a0.a(startup_hc32f4a0.S.obj)
                0x1ffe4210                . = ALIGN (0x8)
                0x1ffe4210                __StackTop = .

/DISCARD/
 libc.a(*)
 libm.a(*)
 libgcc.a(*)

.ARM.attributes
                0x00000000       0x30
 *(.ARM.attributes)
 .ARM.attributes
                0x00000000       0x1e d:/software/gcc-arm-none-eabi/bin/../lib/gcc/arm-none-eabi/10.3.1/thumb/v7e-m+fp/hard/crti.o
 .ARM.attributes
                0x0000001e       0x34 d:/software/gcc-arm-none-eabi/bin/../lib/gcc/arm-none-eabi/10.3.1/thumb/v7e-m+fp/hard/crtbegin.o
 .ARM.attributes
                0x00000052       0x34 CMakeFiles/hc32f4a0ritb_bootloader.elf.dir/hardware/src/mygpio.c.obj
 .ARM.attributes
                0x00000086       0x34 CMakeFiles/hc32f4a0ritb_bootloader.elf.dir/hardware/src/mysys.c.obj
 .ARM.attributes
                0x000000ba       0x34 CMakeFiles/hc32f4a0ritb_bootloader.elf.dir/src/main.c.obj
 .ARM.attributes
                0x000000ee       0x21 drivers\hc32f4a0-drivers\libhc32f4a0.a(startup_hc32f4a0.S.obj)
 .ARM.attributes
                0x0000010f       0x34 drivers\hc32f4a0-drivers\libhc32f4a0.a(system_hc32f4a0.c.obj)
 .ARM.attributes
                0x00000143       0x34 drivers\hc32f4a0-drivers\libhc32f4a0.a(hc32_ll.c.obj)
 .ARM.attributes
                0x00000177       0x34 drivers\hc32f4a0-drivers\libhc32f4a0.a(hc32_ll_clk.c.obj)
 .ARM.attributes
                0x000001ab       0x34 drivers\hc32f4a0-drivers\libhc32f4a0.a(hc32_ll_efm.c.obj)
 .ARM.attributes
                0x000001df       0x34 drivers\hc32f4a0-drivers\libhc32f4a0.a(hc32_ll_fcg.c.obj)
 .ARM.attributes
                0x00000213       0x34 drivers\hc32f4a0-drivers\libhc32f4a0.a(hc32_ll_fcm.c.obj)
 .ARM.attributes
                0x00000247       0x34 drivers\hc32f4a0-drivers\libhc32f4a0.a(hc32_ll_gpio.c.obj)
 .ARM.attributes
                0x0000027b       0x34 drivers\hc32f4a0-drivers\libhc32f4a0.a(hc32_ll_sram.c.obj)
 .ARM.attributes
                0x000002af       0x34 drivers\hc32f4a0-drivers\libhc32f4a0.a(hc32_ll_utility.c.obj)
 .ARM.attributes
                0x000002e3       0x34 d:/software/gcc-arm-none-eabi/bin/../lib/gcc/arm-none-eabi/10.3.1/../../../../arm-none-eabi/lib/thumb/v7e-m+fp/hard\libg_nano.a(lib_a-impure.o)
 .ARM.attributes
                0x00000317       0x34 d:/software/gcc-arm-none-eabi/bin/../lib/gcc/arm-none-eabi/10.3.1/../../../../arm-none-eabi/lib/thumb/v7e-m+fp/hard\libg_nano.a(lib_a-init.o)
 .ARM.attributes
                0x0000034b       0x34 d:/software/gcc-arm-none-eabi/bin/../lib/gcc/arm-none-eabi/10.3.1/../../../../arm-none-eabi/lib/thumb/v7e-m+fp/hard\libg_nano.a(lib_a-malloc.o)
 .ARM.attributes
                0x0000037f       0x34 d:/software/gcc-arm-none-eabi/bin/../lib/gcc/arm-none-eabi/10.3.1/../../../../arm-none-eabi/lib/thumb/v7e-m+fp/hard\libg_nano.a(lib_a-memcpy-stub.o)
 .ARM.attributes
                0x000003b3       0x34 d:/software/gcc-arm-none-eabi/bin/../lib/gcc/arm-none-eabi/10.3.1/../../../../arm-none-eabi/lib/thumb/v7e-m+fp/hard\libg_nano.a(lib_a-memset.o)
 .ARM.attributes
                0x000003e7       0x34 d:/software/gcc-arm-none-eabi/bin/../lib/gcc/arm-none-eabi/10.3.1/../../../../arm-none-eabi/lib/thumb/v7e-m+fp/hard\libg_nano.a(lib_a-nano-freer.o)
 .ARM.attributes
                0x0000041b       0x34 d:/software/gcc-arm-none-eabi/bin/../lib/gcc/arm-none-eabi/10.3.1/../../../../arm-none-eabi/lib/thumb/v7e-m+fp/hard\libg_nano.a(lib_a-nano-mallocr.o)
 .ARM.attributes
                0x0000044f       0x34 d:/software/gcc-arm-none-eabi/bin/../lib/gcc/arm-none-eabi/10.3.1/../../../../arm-none-eabi/lib/thumb/v7e-m+fp/hard\libg_nano.a(lib_a-nano-vfprintf_float.o)
 .ARM.attributes
                0x00000483       0x34 d:/software/gcc-arm-none-eabi/bin/../lib/gcc/arm-none-eabi/10.3.1/../../../../arm-none-eabi/lib/thumb/v7e-m+fp/hard\libg_nano.a(lib_a-nano-vfprintf_i.o)
 .ARM.attributes
                0x000004b7       0x34 d:/software/gcc-arm-none-eabi/bin/../lib/gcc/arm-none-eabi/10.3.1/../../../../arm-none-eabi/lib/thumb/v7e-m+fp/hard\libg_nano.a(lib_a-nano-vfscanf_float.o)
 .ARM.attributes
                0x000004eb       0x34 d:/software/gcc-arm-none-eabi/bin/../lib/gcc/arm-none-eabi/10.3.1/../../../../arm-none-eabi/lib/thumb/v7e-m+fp/hard\libg_nano.a(lib_a-sbrkr.o)
 .ARM.attributes
                0x0000051f       0x34 d:/software/gcc-arm-none-eabi/bin/../lib/gcc/arm-none-eabi/10.3.1/../../../../arm-none-eabi/lib/thumb/v7e-m+fp/hard\libg_nano.a(lib_a-sf_nan.o)
 .ARM.attributes
                0x00000553       0x34 d:/software/gcc-arm-none-eabi/bin/../lib/gcc/arm-none-eabi/10.3.1/../../../../arm-none-eabi/lib/thumb/v7e-m+fp/hard\libg_nano.a(lib_a-sprintf.o)
 .ARM.attributes
                0x00000587       0x17 d:/software/gcc-arm-none-eabi/bin/../lib/gcc/arm-none-eabi/10.3.1/../../../../arm-none-eabi/lib/thumb/v7e-m+fp/hard\libg_nano.a(lib_a-strlen.o)
 .ARM.attributes
                0x0000059e       0x34 d:/software/gcc-arm-none-eabi/bin/../lib/gcc/arm-none-eabi/10.3.1/../../../../arm-none-eabi/lib/thumb/v7e-m+fp/hard\libg_nano.a(lib_a-strtod.o)
 .ARM.attributes
                0x000005d2       0x34 d:/software/gcc-arm-none-eabi/bin/../lib/gcc/arm-none-eabi/10.3.1/../../../../arm-none-eabi/lib/thumb/v7e-m+fp/hard\libg_nano.a(lib_a-strtol.o)
 .ARM.attributes
                0x00000606       0x34 d:/software/gcc-arm-none-eabi/bin/../lib/gcc/arm-none-eabi/10.3.1/../../../../arm-none-eabi/lib/thumb/v7e-m+fp/hard\libg_nano.a(lib_a-ctype_.o)
 .ARM.attributes
                0x0000063a       0x34 d:/software/gcc-arm-none-eabi/bin/../lib/gcc/arm-none-eabi/10.3.1/../../../../arm-none-eabi/lib/thumb/v7e-m+fp/hard\libg_nano.a(lib_a-dtoa.o)
 .ARM.attributes
                0x0000066e       0x34 d:/software/gcc-arm-none-eabi/bin/../lib/gcc/arm-none-eabi/10.3.1/../../../../arm-none-eabi/lib/thumb/v7e-m+fp/hard\libg_nano.a(lib_a-errno.o)
 .ARM.attributes
                0x000006a2       0x34 d:/software/gcc-arm-none-eabi/bin/../lib/gcc/arm-none-eabi/10.3.1/../../../../arm-none-eabi/lib/thumb/v7e-m+fp/hard\libg_nano.a(lib_a-gdtoa-gethex.o)
 .ARM.attributes
                0x000006d6       0x34 d:/software/gcc-arm-none-eabi/bin/../lib/gcc/arm-none-eabi/10.3.1/../../../../arm-none-eabi/lib/thumb/v7e-m+fp/hard\libg_nano.a(lib_a-gdtoa-hexnan.o)
 .ARM.attributes
                0x0000070a       0x34 d:/software/gcc-arm-none-eabi/bin/../lib/gcc/arm-none-eabi/10.3.1/../../../../arm-none-eabi/lib/thumb/v7e-m+fp/hard\libg_nano.a(lib_a-lnumeric.o)
 .ARM.attributes
                0x0000073e       0x34 d:/software/gcc-arm-none-eabi/bin/../lib/gcc/arm-none-eabi/10.3.1/../../../../arm-none-eabi/lib/thumb/v7e-m+fp/hard\libg_nano.a(lib_a-locale.o)
 .ARM.attributes
                0x00000772       0x34 d:/software/gcc-arm-none-eabi/bin/../lib/gcc/arm-none-eabi/10.3.1/../../../../arm-none-eabi/lib/thumb/v7e-m+fp/hard\libg_nano.a(lib_a-localeconv.o)
 .ARM.attributes
                0x000007a6       0x34 d:/software/gcc-arm-none-eabi/bin/../lib/gcc/arm-none-eabi/10.3.1/../../../../arm-none-eabi/lib/thumb/v7e-m+fp/hard\libg_nano.a(lib_a-mbtowc_r.o)
 .ARM.attributes
                0x000007da       0x1c d:/software/gcc-arm-none-eabi/bin/../lib/gcc/arm-none-eabi/10.3.1/../../../../arm-none-eabi/lib/thumb/v7e-m+fp/hard\libg_nano.a(lib_a-memchr.o)
 .ARM.attributes
                0x000007f6       0x34 d:/software/gcc-arm-none-eabi/bin/../lib/gcc/arm-none-eabi/10.3.1/../../../../arm-none-eabi/lib/thumb/v7e-m+fp/hard\libg_nano.a(lib_a-mlock.o)
 .ARM.attributes
                0x0000082a       0x34 d:/software/gcc-arm-none-eabi/bin/../lib/gcc/arm-none-eabi/10.3.1/../../../../arm-none-eabi/lib/thumb/v7e-m+fp/hard\libg_nano.a(lib_a-mprec.o)
 .ARM.attributes
                0x0000085e       0x34 d:/software/gcc-arm-none-eabi/bin/../lib/gcc/arm-none-eabi/10.3.1/../../../../arm-none-eabi/lib/thumb/v7e-m+fp/hard\libg_nano.a(lib_a-nano-callocr.o)
 .ARM.attributes
                0x00000892       0x34 d:/software/gcc-arm-none-eabi/bin/../lib/gcc/arm-none-eabi/10.3.1/../../../../arm-none-eabi/lib/thumb/v7e-m+fp/hard\libg_nano.a(lib_a-nano-svfprintf.o)
 .ARM.attributes
                0x000008c6       0x34 d:/software/gcc-arm-none-eabi/bin/../lib/gcc/arm-none-eabi/10.3.1/../../../../arm-none-eabi/lib/thumb/v7e-m+fp/hard\libg_nano.a(lib_a-reent.o)
 .ARM.attributes
                0x000008fa       0x34 d:/software/gcc-arm-none-eabi/bin/../lib/gcc/arm-none-eabi/10.3.1/../../../../arm-none-eabi/lib/thumb/v7e-m+fp/hard\libg_nano.a(lib_a-s_nan.o)
 .ARM.attributes
                0x0000092e       0x34 d:/software/gcc-arm-none-eabi/bin/../lib/gcc/arm-none-eabi/10.3.1/../../../../arm-none-eabi/lib/thumb/v7e-m+fp/hard\libg_nano.a(lib_a-strncmp.o)
 .ARM.attributes
                0x00000962       0x34 d:/software/gcc-arm-none-eabi/bin/../lib/gcc/arm-none-eabi/10.3.1/../../../../arm-none-eabi/lib/thumb/v7e-m+fp/hard\libg_nano.a(lib_a-wctomb_r.o)
 .ARM.attributes
                0x00000996       0x34 d:/software/gcc-arm-none-eabi/bin/../lib/gcc/arm-none-eabi/10.3.1/../../../../arm-none-eabi/lib/thumb/v7e-m+fp/hard\libg_nano.a(lib_a-assert.o)
 .ARM.attributes
                0x000009ca       0x34 d:/software/gcc-arm-none-eabi/bin/../lib/gcc/arm-none-eabi/10.3.1/../../../../arm-none-eabi/lib/thumb/v7e-m+fp/hard\libg_nano.a(lib_a-fprintf.o)
 .ARM.attributes
                0x000009fe       0x34 d:/software/gcc-arm-none-eabi/bin/../lib/gcc/arm-none-eabi/10.3.1/../../../../arm-none-eabi/lib/thumb/v7e-m+fp/hard\libg_nano.a(lib_a-lock.o)
 .ARM.attributes
                0x00000a32       0x34 d:/software/gcc-arm-none-eabi/bin/../lib/gcc/arm-none-eabi/10.3.1/../../../../arm-none-eabi/lib/thumb/v7e-m+fp/hard\libg_nano.a(lib_a-memmove.o)
 .ARM.attributes
                0x00000a66       0x34 d:/software/gcc-arm-none-eabi/bin/../lib/gcc/arm-none-eabi/10.3.1/../../../../arm-none-eabi/lib/thumb/v7e-m+fp/hard\libg_nano.a(lib_a-nano-reallocr.o)
 .ARM.attributes
                0x00000a9a       0x34 d:/software/gcc-arm-none-eabi/bin/../lib/gcc/arm-none-eabi/10.3.1/../../../../arm-none-eabi/lib/thumb/v7e-m+fp/hard\libg_nano.a(lib_a-nano-vfprintf.o)
 .ARM.attributes
                0x00000ace       0x34 d:/software/gcc-arm-none-eabi/bin/../lib/gcc/arm-none-eabi/10.3.1/../../../../arm-none-eabi/lib/thumb/v7e-m+fp/hard\libg_nano.a(lib_a-wbuf.o)
 .ARM.attributes
                0x00000b02       0x34 d:/software/gcc-arm-none-eabi/bin/../lib/gcc/arm-none-eabi/10.3.1/../../../../arm-none-eabi/lib/thumb/v7e-m+fp/hard\libg_nano.a(lib_a-wsetup.o)
 .ARM.attributes
                0x00000b36       0x34 d:/software/gcc-arm-none-eabi/bin/../lib/gcc/arm-none-eabi/10.3.1/../../../../arm-none-eabi/lib/thumb/v7e-m+fp/hard\libg_nano.a(lib_a-abort.o)
 .ARM.attributes
                0x00000b6a       0x34 d:/software/gcc-arm-none-eabi/bin/../lib/gcc/arm-none-eabi/10.3.1/../../../../arm-none-eabi/lib/thumb/v7e-m+fp/hard\libg_nano.a(lib_a-fflush.o)
 .ARM.attributes
                0x00000b9e       0x34 d:/software/gcc-arm-none-eabi/bin/../lib/gcc/arm-none-eabi/10.3.1/../../../../arm-none-eabi/lib/thumb/v7e-m+fp/hard\libg_nano.a(lib_a-findfp.o)
 .ARM.attributes
                0x00000bd2       0x34 d:/software/gcc-arm-none-eabi/bin/../lib/gcc/arm-none-eabi/10.3.1/../../../../arm-none-eabi/lib/thumb/v7e-m+fp/hard\libg_nano.a(lib_a-fwalk.o)
 .ARM.attributes
                0x00000c06       0x34 d:/software/gcc-arm-none-eabi/bin/../lib/gcc/arm-none-eabi/10.3.1/../../../../arm-none-eabi/lib/thumb/v7e-m+fp/hard\libg_nano.a(lib_a-makebuf.o)
 .ARM.attributes
                0x00000c3a       0x34 d:/software/gcc-arm-none-eabi/bin/../lib/gcc/arm-none-eabi/10.3.1/../../../../arm-none-eabi/lib/thumb/v7e-m+fp/hard\libg_nano.a(lib_a-nano-msizer.o)
 .ARM.attributes
                0x00000c6e       0x34 d:/software/gcc-arm-none-eabi/bin/../lib/gcc/arm-none-eabi/10.3.1/../../../../arm-none-eabi/lib/thumb/v7e-m+fp/hard\libg_nano.a(lib_a-signal.o)
 .ARM.attributes
                0x00000ca2       0x34 d:/software/gcc-arm-none-eabi/bin/../lib/gcc/arm-none-eabi/10.3.1/../../../../arm-none-eabi/lib/thumb/v7e-m+fp/hard\libg_nano.a(lib_a-signalr.o)
 .ARM.attributes
                0x00000cd6       0x34 d:/software/gcc-arm-none-eabi/bin/../lib/gcc/arm-none-eabi/10.3.1/../../../../arm-none-eabi/lib/thumb/v7e-m+fp/hard\libg_nano.a(lib_a-stdio.o)
 .ARM.attributes
                0x00000d0a       0x34 d:/software/gcc-arm-none-eabi/bin/../lib/gcc/arm-none-eabi/10.3.1/../../../../arm-none-eabi/lib/thumb/v7e-m+fp/hard\libg_nano.a(lib_a-writer.o)
 .ARM.attributes
                0x00000d3e       0x34 d:/software/gcc-arm-none-eabi/bin/../lib/gcc/arm-none-eabi/10.3.1/../../../../arm-none-eabi/lib/thumb/v7e-m+fp/hard\libg_nano.a(lib_a-closer.o)
 .ARM.attributes
                0x00000d72       0x34 d:/software/gcc-arm-none-eabi/bin/../lib/gcc/arm-none-eabi/10.3.1/../../../../arm-none-eabi/lib/thumb/v7e-m+fp/hard\libg_nano.a(lib_a-fstatr.o)
 .ARM.attributes
                0x00000da6       0x34 d:/software/gcc-arm-none-eabi/bin/../lib/gcc/arm-none-eabi/10.3.1/../../../../arm-none-eabi/lib/thumb/v7e-m+fp/hard\libg_nano.a(lib_a-isattyr.o)
 .ARM.attributes
                0x00000dda       0x34 d:/software/gcc-arm-none-eabi/bin/../lib/gcc/arm-none-eabi/10.3.1/../../../../arm-none-eabi/lib/thumb/v7e-m+fp/hard\libg_nano.a(lib_a-lseekr.o)
 .ARM.attributes
                0x00000e0e       0x34 d:/software/gcc-arm-none-eabi/bin/../lib/gcc/arm-none-eabi/10.3.1/../../../../arm-none-eabi/lib/thumb/v7e-m+fp/hard\libg_nano.a(lib_a-readr.o)
 .ARM.attributes
                0x00000e42       0x1e d:/software/gcc-arm-none-eabi/bin/../lib/gcc/arm-none-eabi/10.3.1/thumb/v7e-m+fp/hard\libgcc.a(_arm_addsubdf3.o)
 .ARM.attributes
                0x00000e60       0x1e d:/software/gcc-arm-none-eabi/bin/../lib/gcc/arm-none-eabi/10.3.1/thumb/v7e-m+fp/hard\libgcc.a(_arm_muldivdf3.o)
 .ARM.attributes
                0x00000e7e       0x1e d:/software/gcc-arm-none-eabi/bin/../lib/gcc/arm-none-eabi/10.3.1/thumb/v7e-m+fp/hard\libgcc.a(_arm_cmpdf2.o)
 .ARM.attributes
                0x00000e9c       0x1e d:/software/gcc-arm-none-eabi/bin/../lib/gcc/arm-none-eabi/10.3.1/thumb/v7e-m+fp/hard\libgcc.a(_arm_unorddf2.o)
 .ARM.attributes
                0x00000eba       0x1e d:/software/gcc-arm-none-eabi/bin/../lib/gcc/arm-none-eabi/10.3.1/thumb/v7e-m+fp/hard\libgcc.a(_arm_fixdfsi.o)
 .ARM.attributes
                0x00000ed8       0x1e d:/software/gcc-arm-none-eabi/bin/../lib/gcc/arm-none-eabi/10.3.1/thumb/v7e-m+fp/hard\libgcc.a(_arm_fixunsdfsi.o)
 .ARM.attributes
                0x00000ef6       0x1e d:/software/gcc-arm-none-eabi/bin/../lib/gcc/arm-none-eabi/10.3.1/thumb/v7e-m+fp/hard\libgcc.a(_arm_truncdfsf2.o)
 .ARM.attributes
                0x00000f14       0x34 d:/software/gcc-arm-none-eabi/bin/../lib/gcc/arm-none-eabi/10.3.1/thumb/v7e-m+fp/hard\libgcc.a(_fixdfdi.o)
 .ARM.attributes
                0x00000f48       0x34 d:/software/gcc-arm-none-eabi/bin/../lib/gcc/arm-none-eabi/10.3.1/thumb/v7e-m+fp/hard\libgcc.a(_fixunsdfdi.o)
 .ARM.attributes
                0x00000f7c       0x34 d:/software/gcc-arm-none-eabi/bin/../lib/gcc/arm-none-eabi/10.3.1/../../../../arm-none-eabi/lib/thumb/v7e-m+fp/hard\libnosys.a(close.o)
 .ARM.attributes
                0x00000fb0       0x34 d:/software/gcc-arm-none-eabi/bin/../lib/gcc/arm-none-eabi/10.3.1/../../../../arm-none-eabi/lib/thumb/v7e-m+fp/hard\libnosys.a(fstat.o)
 .ARM.attributes
                0x00000fe4       0x34 d:/software/gcc-arm-none-eabi/bin/../lib/gcc/arm-none-eabi/10.3.1/../../../../arm-none-eabi/lib/thumb/v7e-m+fp/hard\libnosys.a(getpid.o)
 .ARM.attributes
                0x00001018       0x34 d:/software/gcc-arm-none-eabi/bin/../lib/gcc/arm-none-eabi/10.3.1/../../../../arm-none-eabi/lib/thumb/v7e-m+fp/hard\libnosys.a(isatty.o)
 .ARM.attributes
                0x0000104c       0x34 d:/software/gcc-arm-none-eabi/bin/../lib/gcc/arm-none-eabi/10.3.1/../../../../arm-none-eabi/lib/thumb/v7e-m+fp/hard\libnosys.a(kill.o)
 .ARM.attributes
                0x00001080       0x34 d:/software/gcc-arm-none-eabi/bin/../lib/gcc/arm-none-eabi/10.3.1/../../../../arm-none-eabi/lib/thumb/v7e-m+fp/hard\libnosys.a(lseek.o)
 .ARM.attributes
                0x000010b4       0x34 d:/software/gcc-arm-none-eabi/bin/../lib/gcc/arm-none-eabi/10.3.1/../../../../arm-none-eabi/lib/thumb/v7e-m+fp/hard\libnosys.a(read.o)
 .ARM.attributes
                0x000010e8       0x34 d:/software/gcc-arm-none-eabi/bin/../lib/gcc/arm-none-eabi/10.3.1/../../../../arm-none-eabi/lib/thumb/v7e-m+fp/hard\libnosys.a(sbrk.o)
 .ARM.attributes
                0x0000111c       0x34 d:/software/gcc-arm-none-eabi/bin/../lib/gcc/arm-none-eabi/10.3.1/../../../../arm-none-eabi/lib/thumb/v7e-m+fp/hard\libnosys.a(write.o)
 .ARM.attributes
                0x00001150       0x34 d:/software/gcc-arm-none-eabi/bin/../lib/gcc/arm-none-eabi/10.3.1/../../../../arm-none-eabi/lib/thumb/v7e-m+fp/hard\libnosys.a(_exit.o)
 .ARM.attributes
                0x00001184       0x1e d:/software/gcc-arm-none-eabi/bin/../lib/gcc/arm-none-eabi/10.3.1/thumb/v7e-m+fp/hard/crtn.o
                [!provide]                PROVIDE (_stack = __StackTop)
                [!provide]                PROVIDE (_Min_Heap_Size = (__HeapLimit - __HeapBase))
                [!provide]                PROVIDE (_Min_Stack_Size = (__StackTop - __StackLimit))
                0x20060000                __RamEnd = (ORIGIN (RAM) + LENGTH (RAM))
                0x00000001                ASSERT ((__StackTop <= __RamEnd), region RAM overflowed with stack)
OUTPUT(hc32f4a0ritb_bootloader.elf elf32-littlearm)
LOAD linker stubs
LOAD d:/software/gcc-arm-none-eabi/bin/../lib/gcc/arm-none-eabi/10.3.1/../../../../arm-none-eabi/lib/thumb/v7e-m+fp/hard\libc.a
LOAD d:/software/gcc-arm-none-eabi/bin/../lib/gcc/arm-none-eabi/10.3.1/../../../../arm-none-eabi/lib/thumb/v7e-m+fp/hard\libm.a
LOAD d:/software/gcc-arm-none-eabi/bin/../lib/gcc/arm-none-eabi/10.3.1/thumb/v7e-m+fp/hard\libgcc.a

.debug_info     0x00000000    0x1257c
 .debug_info    0x00000000      0x1a1 CMakeFiles/hc32f4a0ritb_bootloader.elf.dir/hardware/src/mygpio.c.obj
 .debug_info    0x000001a1      0xbe4 CMakeFiles/hc32f4a0ritb_bootloader.elf.dir/hardware/src/mysys.c.obj
 .debug_info    0x00000d85      0x160 CMakeFiles/hc32f4a0ritb_bootloader.elf.dir/src/main.c.obj
 .debug_info    0x00000ee5       0x22 drivers\hc32f4a0-drivers\libhc32f4a0.a(startup_hc32f4a0.S.obj)
 .debug_info    0x00000f07      0xd08 drivers\hc32f4a0-drivers\libhc32f4a0.a(system_hc32f4a0.c.obj)
 .debug_info    0x00001c0f     0x3055 drivers\hc32f4a0-drivers\libhc32f4a0.a(hc32_ll.c.obj)
 .debug_info    0x00004c64     0x3df1 drivers\hc32f4a0-drivers\libhc32f4a0.a(hc32_ll_clk.c.obj)
 .debug_info    0x00008a55     0x3874 drivers\hc32f4a0-drivers\libhc32f4a0.a(hc32_ll_efm.c.obj)
 .debug_info    0x0000c2c9     0x162a drivers\hc32f4a0-drivers\libhc32f4a0.a(hc32_ll_fcg.c.obj)
 .debug_info    0x0000d8f3      0xb5d drivers\hc32f4a0-drivers\libhc32f4a0.a(hc32_ll_fcm.c.obj)
 .debug_info    0x0000e450     0x2e7c drivers\hc32f4a0-drivers\libhc32f4a0.a(hc32_ll_gpio.c.obj)
 .debug_info    0x000112cc      0x49c drivers\hc32f4a0-drivers\libhc32f4a0.a(hc32_ll_sram.c.obj)
 .debug_info    0x00011768      0xe14 drivers\hc32f4a0-drivers\libhc32f4a0.a(hc32_ll_utility.c.obj)

.debug_abbrev   0x00000000     0x141f
 .debug_abbrev  0x00000000       0xbd CMakeFiles/hc32f4a0ritb_bootloader.elf.dir/hardware/src/mygpio.c.obj
 .debug_abbrev  0x000000bd      0x201 CMakeFiles/hc32f4a0ritb_bootloader.elf.dir/hardware/src/mysys.c.obj
 .debug_abbrev  0x000002be       0x9d CMakeFiles/hc32f4a0ritb_bootloader.elf.dir/src/main.c.obj
 .debug_abbrev  0x0000035b       0x12 drivers\hc32f4a0-drivers\libhc32f4a0.a(startup_hc32f4a0.S.obj)
 .debug_abbrev  0x0000036d      0x162 drivers\hc32f4a0-drivers\libhc32f4a0.a(system_hc32f4a0.c.obj)
 .debug_abbrev  0x000004cf      0x16d drivers\hc32f4a0-drivers\libhc32f4a0.a(hc32_ll.c.obj)
 .debug_abbrev  0x0000063c      0x291 drivers\hc32f4a0-drivers\libhc32f4a0.a(hc32_ll_clk.c.obj)
 .debug_abbrev  0x000008cd      0x23b drivers\hc32f4a0-drivers\libhc32f4a0.a(hc32_ll_efm.c.obj)
 .debug_abbrev  0x00000b08      0x11e drivers\hc32f4a0-drivers\libhc32f4a0.a(hc32_ll_fcg.c.obj)
 .debug_abbrev  0x00000c26      0x1d2 drivers\hc32f4a0-drivers\libhc32f4a0.a(hc32_ll_fcm.c.obj)
 .debug_abbrev  0x00000df8      0x1e7 drivers\hc32f4a0-drivers\libhc32f4a0.a(hc32_ll_gpio.c.obj)
 .debug_abbrev  0x00000fdf      0x19f drivers\hc32f4a0-drivers\libhc32f4a0.a(hc32_ll_sram.c.obj)
 .debug_abbrev  0x0000117e      0x2a1 drivers\hc32f4a0-drivers\libhc32f4a0.a(hc32_ll_utility.c.obj)

.debug_aranges  0x00000000      0x5e8
 .debug_aranges
                0x00000000       0x20 CMakeFiles/hc32f4a0ritb_bootloader.elf.dir/hardware/src/mygpio.c.obj
 .debug_aranges
                0x00000020       0x28 CMakeFiles/hc32f4a0ritb_bootloader.elf.dir/hardware/src/mysys.c.obj
 .debug_aranges
                0x00000048       0x20 CMakeFiles/hc32f4a0ritb_bootloader.elf.dir/src/main.c.obj
 .debug_aranges
                0x00000068       0x28 drivers\hc32f4a0-drivers\libhc32f4a0.a(startup_hc32f4a0.S.obj)
 .debug_aranges
                0x00000090       0x28 drivers\hc32f4a0-drivers\libhc32f4a0.a(system_hc32f4a0.c.obj)
 .debug_aranges
                0x000000b8       0x28 drivers\hc32f4a0-drivers\libhc32f4a0.a(hc32_ll.c.obj)
 .debug_aranges
                0x000000e0      0x180 drivers\hc32f4a0-drivers\libhc32f4a0.a(hc32_ll_clk.c.obj)
 .debug_aranges
                0x00000260      0x178 drivers\hc32f4a0-drivers\libhc32f4a0.a(hc32_ll_efm.c.obj)
 .debug_aranges
                0x000003d8       0x38 drivers\hc32f4a0-drivers\libhc32f4a0.a(hc32_ll_fcg.c.obj)
 .debug_aranges
                0x00000410       0x70 drivers\hc32f4a0-drivers\libhc32f4a0.a(hc32_ll_fcm.c.obj)
 .debug_aranges
                0x00000480       0xb8 drivers\hc32f4a0-drivers\libhc32f4a0.a(hc32_ll_gpio.c.obj)
 .debug_aranges
                0x00000538       0x50 drivers\hc32f4a0-drivers\libhc32f4a0.a(hc32_ll_sram.c.obj)
 .debug_aranges
                0x00000588       0x60 drivers\hc32f4a0-drivers\libhc32f4a0.a(hc32_ll_utility.c.obj)

.debug_ranges   0x00000000      0x538
 .debug_ranges  0x00000000       0x10 CMakeFiles/hc32f4a0ritb_bootloader.elf.dir/hardware/src/mygpio.c.obj
 .debug_ranges  0x00000010       0x18 CMakeFiles/hc32f4a0ritb_bootloader.elf.dir/hardware/src/mysys.c.obj
 .debug_ranges  0x00000028       0x10 CMakeFiles/hc32f4a0ritb_bootloader.elf.dir/src/main.c.obj
 .debug_ranges  0x00000038       0x20 drivers\hc32f4a0-drivers\libhc32f4a0.a(startup_hc32f4a0.S.obj)
 .debug_ranges  0x00000058       0x18 drivers\hc32f4a0-drivers\libhc32f4a0.a(system_hc32f4a0.c.obj)
 .debug_ranges  0x00000070       0x18 drivers\hc32f4a0-drivers\libhc32f4a0.a(hc32_ll.c.obj)
 .debug_ranges  0x00000088      0x170 drivers\hc32f4a0-drivers\libhc32f4a0.a(hc32_ll_clk.c.obj)
 .debug_ranges  0x000001f8      0x180 drivers\hc32f4a0-drivers\libhc32f4a0.a(hc32_ll_efm.c.obj)
 .debug_ranges  0x00000378       0x28 drivers\hc32f4a0-drivers\libhc32f4a0.a(hc32_ll_fcg.c.obj)
 .debug_ranges  0x000003a0       0x60 drivers\hc32f4a0-drivers\libhc32f4a0.a(hc32_ll_fcm.c.obj)
 .debug_ranges  0x00000400       0xa8 drivers\hc32f4a0-drivers\libhc32f4a0.a(hc32_ll_gpio.c.obj)
 .debug_ranges  0x000004a8       0x40 drivers\hc32f4a0-drivers\libhc32f4a0.a(hc32_ll_sram.c.obj)
 .debug_ranges  0x000004e8       0x50 drivers\hc32f4a0-drivers\libhc32f4a0.a(hc32_ll_utility.c.obj)

.debug_line     0x00000000     0x694d
 .debug_line    0x00000000      0x193 CMakeFiles/hc32f4a0ritb_bootloader.elf.dir/hardware/src/mygpio.c.obj
 .debug_line    0x00000193      0x3f2 CMakeFiles/hc32f4a0ritb_bootloader.elf.dir/hardware/src/mysys.c.obj
 .debug_line    0x00000585      0x161 CMakeFiles/hc32f4a0ritb_bootloader.elf.dir/src/main.c.obj
 .debug_line    0x000006e6       0xf8 drivers\hc32f4a0-drivers\libhc32f4a0.a(startup_hc32f4a0.S.obj)